Archive member included to satisfy reference by file (symbol)

d:/programs/stm32cubeide_1.7.0/stm32cubeide/plugins/com.st.stm32cube.ide.mcu.externaltools.gnu-tools-for-stm32.9-2020-q2-update.win32_2.0.0.202105311346/tools/bin/../lib/gcc/arm-none-eabi/9.3.1/../../../../arm-none-eabi/lib/thumb/v7e-m+fp/hard\libc_nano.a(lib_a-errno.o)
                              ./Core/Src/syscalls.o (__errno)
d:/programs/stm32cubeide_1.7.0/stm32cubeide/plugins/com.st.stm32cube.ide.mcu.externaltools.gnu-tools-for-stm32.9-2020-q2-update.win32_2.0.0.202105311346/tools/bin/../lib/gcc/arm-none-eabi/9.3.1/../../../../arm-none-eabi/lib/thumb/v7e-m+fp/hard\libc_nano.a(lib_a-exit.o)
                              d:/programs/stm32cubeide_1.7.0/stm32cubeide/plugins/com.st.stm32cube.ide.mcu.externaltools.gnu-tools-for-stm32.9-2020-q2-update.win32_2.0.0.202105311346/tools/bin/../lib/gcc/arm-none-eabi/9.3.1/../../../../arm-none-eabi/lib/thumb/v7e-m+fp/hard/crt0.o (exit)
d:/programs/stm32cubeide_1.7.0/stm32cubeide/plugins/com.st.stm32cube.ide.mcu.externaltools.gnu-tools-for-stm32.9-2020-q2-update.win32_2.0.0.202105311346/tools/bin/../lib/gcc/arm-none-eabi/9.3.1/../../../../arm-none-eabi/lib/thumb/v7e-m+fp/hard\libc_nano.a(lib_a-impure.o)
                              d:/programs/stm32cubeide_1.7.0/stm32cubeide/plugins/com.st.stm32cube.ide.mcu.externaltools.gnu-tools-for-stm32.9-2020-q2-update.win32_2.0.0.202105311346/tools/bin/../lib/gcc/arm-none-eabi/9.3.1/../../../../arm-none-eabi/lib/thumb/v7e-m+fp/hard\libc_nano.a(lib_a-exit.o) (_global_impure_ptr)
d:/programs/stm32cubeide_1.7.0/stm32cubeide/plugins/com.st.stm32cube.ide.mcu.externaltools.gnu-tools-for-stm32.9-2020-q2-update.win32_2.0.0.202105311346/tools/bin/../lib/gcc/arm-none-eabi/9.3.1/../../../../arm-none-eabi/lib/thumb/v7e-m+fp/hard\libc_nano.a(lib_a-init.o)
                              d:/programs/stm32cubeide_1.7.0/stm32cubeide/plugins/com.st.stm32cube.ide.mcu.externaltools.gnu-tools-for-stm32.9-2020-q2-update.win32_2.0.0.202105311346/tools/bin/../lib/gcc/arm-none-eabi/9.3.1/../../../../arm-none-eabi/lib/thumb/v7e-m+fp/hard/crt0.o (__libc_init_array)
d:/programs/stm32cubeide_1.7.0/stm32cubeide/plugins/com.st.stm32cube.ide.mcu.externaltools.gnu-tools-for-stm32.9-2020-q2-update.win32_2.0.0.202105311346/tools/bin/../lib/gcc/arm-none-eabi/9.3.1/../../../../arm-none-eabi/lib/thumb/v7e-m+fp/hard\libc_nano.a(lib_a-memcpy-stub.o)
                              ./Middlewares/Third_Party/FreeRTOS/Source/queue.o (memcpy)
d:/programs/stm32cubeide_1.7.0/stm32cubeide/plugins/com.st.stm32cube.ide.mcu.externaltools.gnu-tools-for-stm32.9-2020-q2-update.win32_2.0.0.202105311346/tools/bin/../lib/gcc/arm-none-eabi/9.3.1/../../../../arm-none-eabi/lib/thumb/v7e-m+fp/hard\libc_nano.a(lib_a-memset.o)
                              d:/programs/stm32cubeide_1.7.0/stm32cubeide/plugins/com.st.stm32cube.ide.mcu.externaltools.gnu-tools-for-stm32.9-2020-q2-update.win32_2.0.0.202105311346/tools/bin/../lib/gcc/arm-none-eabi/9.3.1/../../../../arm-none-eabi/lib/thumb/v7e-m+fp/hard/crt0.o (memset)
d:/programs/stm32cubeide_1.7.0/stm32cubeide/plugins/com.st.stm32cube.ide.mcu.externaltools.gnu-tools-for-stm32.9-2020-q2-update.win32_2.0.0.202105311346/tools/bin/../lib/gcc/arm-none-eabi/9.3.1/thumb/v7e-m+fp/hard\libgcc.a(_aeabi_uldivmod.o)
                              ./Drivers/STM32L4xx_HAL_Driver/Src/stm32l4xx_hal_uart.o (__aeabi_uldivmod)
d:/programs/stm32cubeide_1.7.0/stm32cubeide/plugins/com.st.stm32cube.ide.mcu.externaltools.gnu-tools-for-stm32.9-2020-q2-update.win32_2.0.0.202105311346/tools/bin/../lib/gcc/arm-none-eabi/9.3.1/thumb/v7e-m+fp/hard\libgcc.a(_udivmoddi4.o)
                              d:/programs/stm32cubeide_1.7.0/stm32cubeide/plugins/com.st.stm32cube.ide.mcu.externaltools.gnu-tools-for-stm32.9-2020-q2-update.win32_2.0.0.202105311346/tools/bin/../lib/gcc/arm-none-eabi/9.3.1/thumb/v7e-m+fp/hard\libgcc.a(_aeabi_uldivmod.o) (__udivmoddi4)
d:/programs/stm32cubeide_1.7.0/stm32cubeide/plugins/com.st.stm32cube.ide.mcu.externaltools.gnu-tools-for-stm32.9-2020-q2-update.win32_2.0.0.202105311346/tools/bin/../lib/gcc/arm-none-eabi/9.3.1/thumb/v7e-m+fp/hard\libgcc.a(_dvmd_tls.o)
                              d:/programs/stm32cubeide_1.7.0/stm32cubeide/plugins/com.st.stm32cube.ide.mcu.externaltools.gnu-tools-for-stm32.9-2020-q2-update.win32_2.0.0.202105311346/tools/bin/../lib/gcc/arm-none-eabi/9.3.1/thumb/v7e-m+fp/hard\libgcc.a(_aeabi_uldivmod.o) (__aeabi_ldiv0)

Allocating common symbols
Common symbol       size              file

defaultTaskHandle   0x4               ./Core/Src/main.o
rx_queue_1          0x4               ./Core/Src/main.o
uwTick              0x4               ./Drivers/STM32L4xx_HAL_Driver/Src/stm32l4xx_hal.o
xQueueRegistry      0x40              ./Middlewares/Third_Party/FreeRTOS/Source/queue.o
huart1              0x84              ./Core/Src/main.o
tx_queue_2          0x4               ./Core/Src/main.o
htim1               0x4c              ./Core/Src/stm32l4xx_hal_timebase_tim.o
[...]
Memory Configuration

Name             Origin             Length             Attributes
RAM              0x0000000020000000 0x0000000000018000 xrw
RAM2             0x0000000010000000 0x0000000000008000 xrw
FLASH            0x0000000008000000 0x0000000000100000 xr
*default*        0x0000000000000000 0xffffffffffffffff

Linker script and memory map

LOAD d:/programs/stm32cubeide_1.7.0/stm32cubeide/plugins/com.st.stm32cube.ide.mcu.externaltools.gnu-tools-for-stm32.9-2020-q2-update.win32_2.0.0.202105311346/tools/bin/../lib/gcc/arm-none-eabi/9.3.1/thumb/v7e-m+fp/hard/crti.o
LOAD d:/programs/stm32cubeide_1.7.0/stm32cubeide/plugins/com.st.stm32cube.ide.mcu.externaltools.gnu-tools-for-stm32.9-2020-q2-update.win32_2.0.0.202105311346/tools/bin/../lib/gcc/arm-none-eabi/9.3.1/thumb/v7e-m+fp/hard/crtbegin.o
LOAD d:/programs/stm32cubeide_1.7.0/stm32cubeide/plugins/com.st.stm32cube.ide.mcu.externaltools.gnu-tools-for-stm32.9-2020-q2-update.win32_2.0.0.202105311346/tools/bin/../lib/gcc/arm-none-eabi/9.3.1/../../../../arm-none-eabi/lib/thumb/v7e-m+fp/hard/crt0.o
LOAD ./Core/Src/freertos.o
LOAD ./Core/Src/main.o
LOAD ./Core/Src/stm32l4xx_hal_msp.o
LOAD ./Core/Src/stm32l4xx_hal_timebase_tim.o
LOAD ./Core/Src/stm32l4xx_it.o
LOAD ./Core/Src/syscalls.o
LOAD ./Core/Src/sysmem.o
LOAD ./Core/Src/system_stm32l4xx.o
LOAD ./Core/Startup/startup_stm32l476rgtx.o
LOAD ./Drivers/STM32L4xx_HAL_Driver/Src/stm32l4xx_hal.o
LOAD ./Drivers/STM32L4xx_HAL_Driver/Src/stm32l4xx_hal_cortex.o
LOAD ./Drivers/STM32L4xx_HAL_Driver/Src/stm32l4xx_hal_dma.o
LOAD ./Drivers/STM32L4xx_HAL_Driver/Src/stm32l4xx_hal_dma_ex.o
LOAD ./Drivers/STM32L4xx_HAL_Driver/Src/stm32l4xx_hal_exti.o
LOAD ./Drivers/STM32L4xx_HAL_Driver/Src/stm32l4xx_hal_flash.o
LOAD ./Drivers/STM32L4xx_HAL_Driver/Src/stm32l4xx_hal_flash_ex.o
LOAD ./Drivers/STM32L4xx_HAL_Driver/Src/stm32l4xx_hal_flash_ramfunc.o
LOAD ./Drivers/STM32L4xx_HAL_Driver/Src/stm32l4xx_hal_gpio.o
LOAD ./Drivers/STM32L4xx_HAL_Driver/Src/stm32l4xx_hal_i2c.o
LOAD ./Drivers/STM32L4xx_HAL_Driver/Src/stm32l4xx_hal_i2c_ex.o
LOAD ./Drivers/STM32L4xx_HAL_Driver/Src/stm32l4xx_hal_pwr.o
LOAD ./Drivers/STM32L4xx_HAL_Driver/Src/stm32l4xx_hal_pwr_ex.o
LOAD ./Drivers/STM32L4xx_HAL_Driver/Src/stm32l4xx_hal_rcc.o
LOAD ./Drivers/STM32L4xx_HAL_Driver/Src/stm32l4xx_hal_rcc_ex.o
LOAD ./Drivers/STM32L4xx_HAL_Driver/Src/stm32l4xx_hal_tim.o
LOAD ./Drivers/STM32L4xx_HAL_Driver/Src/stm32l4xx_hal_tim_ex.o
LOAD ./Drivers/STM32L4xx_HAL_Driver/Src/stm32l4xx_hal_uart.o
LOAD ./Drivers/STM32L4xx_HAL_Driver/Src/stm32l4xx_hal_uart_ex.o
LOAD ./Drivers/STM32L4xx_HAL_Driver/Src/stm32l4xx_ll_dma.o
LOAD ./Drivers/STM32L4xx_HAL_Driver/Src/stm32l4xx_ll_exti.o
LOAD ./Drivers/STM32L4xx_HAL_Driver/Src/stm32l4xx_ll_gpio.o
LOAD ./Drivers/STM32L4xx_HAL_Driver/Src/stm32l4xx_ll_rcc.o
LOAD ./Drivers/STM32L4xx_HAL_Driver/Src/stm32l4xx_ll_usart.o
LOAD ./Drivers/STM32L4xx_HAL_Driver/Src/stm32l4xx_ll_utils.o
LOAD ./Middlewares/Third_Party/FreeRTOS/Source/CMSIS_RTOS/cmsis_os.o
LOAD ./Middlewares/Third_Party/FreeRTOS/Source/croutine.o
LOAD ./Middlewares/Third_Party/FreeRTOS/Source/event_groups.o
LOAD ./Middlewares/Third_Party/FreeRTOS/Source/list.o
LOAD ./Middlewares/Third_Party/FreeRTOS/Source/queue.o
LOAD ./Middlewares/Third_Party/FreeRTOS/Source/stream_buffer.o
LOAD ./Middlewares/Third_Party/FreeRTOS/Source/tasks.o
LOAD ./Middlewares/Third_Party/FreeRTOS/Source/timers.o
LOAD ./Middlewares/Third_Party/FreeRTOS/Source/portable/GCC/ARM_CM4F/port.o
LOAD ./Middlewares/Third_Party/FreeRTOS/Source/portable/MemMang/heap_4.o
START GROUP
LOAD d:/programs/stm32cubeide_1.7.0/stm32cubeide/plugins/com.st.stm32cube.ide.mcu.externaltools.gnu-tools-for-stm32.9-2020-q2-update.win32_2.0.0.202105311346/tools/bin/../lib/gcc/arm-none-eabi/9.3.1/../../../../arm-none-eabi/lib/thumb/v7e-m+fp/hard\libc_nano.a
LOAD d:/programs/stm32cubeide_1.7.0/stm32cubeide/plugins/com.st.stm32cube.ide.mcu.externaltools.gnu-tools-for-stm32.9-2020-q2-update.win32_2.0.0.202105311346/tools/bin/../lib/gcc/arm-none-eabi/9.3.1/../../../../arm-none-eabi/lib/thumb/v7e-m+fp/hard\libm.a
END GROUP
START GROUP
LOAD d:/programs/stm32cubeide_1.7.0/stm32cubeide/plugins/com.st.stm32cube.ide.mcu.externaltools.gnu-tools-for-stm32.9-2020-q2-update.win32_2.0.0.202105311346/tools/bin/../lib/gcc/arm-none-eabi/9.3.1/thumb/v7e-m+fp/hard\libgcc.a
LOAD d:/programs/stm32cubeide_1.7.0/stm32cubeide/plugins/com.st.stm32cube.ide.mcu.externaltools.gnu-tools-for-stm32.9-2020-q2-update.win32_2.0.0.202105311346/tools/bin/../lib/gcc/arm-none-eabi/9.3.1/../../../../arm-none-eabi/lib/thumb/v7e-m+fp/hard\libc_nano.a
END GROUP
START GROUP
LOAD d:/programs/stm32cubeide_1.7.0/stm32cubeide/plugins/com.st.stm32cube.ide.mcu.externaltools.gnu-tools-for-stm32.9-2020-q2-update.win32_2.0.0.202105311346/tools/bin/../lib/gcc/arm-none-eabi/9.3.1/thumb/v7e-m+fp/hard\libgcc.a
LOAD d:/programs/stm32cubeide_1.7.0/stm32cubeide/plugins/com.st.stm32cube.ide.mcu.externaltools.gnu-tools-for-stm32.9-2020-q2-update.win32_2.0.0.202105311346/tools/bin/../lib/gcc/arm-none-eabi/9.3.1/../../../../arm-none-eabi/lib/thumb/v7e-m+fp/hard\libc_nano.a
LOAD d:/programs/stm32cubeide_1.7.0/stm32cubeide/plugins/com.st.stm32cube.ide.mcu.externaltools.gnu-tools-for-stm32.9-2020-q2-update.win32_2.0.0.202105311346/tools/bin/../lib/gcc/arm-none-eabi/9.3.1/../../../../arm-none-eabi/lib/thumb/v7e-m+fp/hard\libnosys.a
END GROUP
START GROUP
LOAD d:/programs/stm32cubeide_1.7.0/stm32cubeide/plugins/com.st.stm32cube.ide.mcu.externaltools.gnu-tools-for-stm32.9-2020-q2-update.win32_2.0.0.202105311346/tools/bin/../lib/gcc/arm-none-eabi/9.3.1/thumb/v7e-m+fp/hard\libgcc.a
LOAD d:/programs/stm32cubeide_1.7.0/stm32cubeide/plugins/com.st.stm32cube.ide.mcu.externaltools.gnu-tools-for-stm32.9-2020-q2-update.win32_2.0.0.202105311346/tools/bin/../lib/gcc/arm-none-eabi/9.3.1/../../../../arm-none-eabi/lib/thumb/v7e-m+fp/hard\libc_nano.a
LOAD d:/programs/stm32cubeide_1.7.0/stm32cubeide/plugins/com.st.stm32cube.ide.mcu.externaltools.gnu-tools-for-stm32.9-2020-q2-update.win32_2.0.0.202105311346/tools/bin/../lib/gcc/arm-none-eabi/9.3.1/../../../../arm-none-eabi/lib/thumb/v7e-m+fp/hard\libnosys.a
END GROUP
LOAD d:/programs/stm32cubeide_1.7.0/stm32cubeide/plugins/com.st.stm32cube.ide.mcu.externaltools.gnu-tools-for-stm32.9-2020-q2-update.win32_2.0.0.202105311346/tools/bin/../lib/gcc/arm-none-eabi/9.3.1/thumb/v7e-m+fp/hard/crtend.o
LOAD d:/programs/stm32cubeide_1.7.0/stm32cubeide/plugins/com.st.stm32cube.ide.mcu.externaltools.gnu-tools-for-stm32.9-2020-q2-update.win32_2.0.0.202105311346/tools/bin/../lib/gcc/arm-none-eabi/9.3.1/thumb/v7e-m+fp/hard/crtn.o
                0x0000000020018000                _estack = (ORIGIN (RAM) + LENGTH (RAM))
                0x0000000000000200                _Min_Heap_Size = 0x200
                0x0000000000000400                _Min_Stack_Size = 0x400

.isr_vector     0x0000000008000000      0x188
                0x0000000008000000                . = ALIGN (0x4)
 *(.isr_vector)
 .isr_vector    0x0000000008000000      0x188 ./Core/Startup/startup_stm32l476rgtx.o
                0x0000000008000000                g_pfnVectors
                0x0000000008000188                . = ALIGN (0x4)

.text           0x0000000008000190     0x7378
                0x0000000008000190                . = ALIGN (0x4)
 *(.text)
 .text          0x0000000008000190       0x40 d:/programs/stm32cubeide_1.7.0/stm32cubeide/plugins/com.st.stm32cube.ide.mcu.externaltools.gnu-tools-for-stm32.9-2020-q2-update.win32_2.0.0.202105311346/tools/bin/../lib/gcc/arm-none-eabi/9.3.1/thumb/v7e-m+fp/hard/crtbegin.o
 .text          0x00000000080001d0       0x30 d:/programs/stm32cubeide_1.7.0/stm32cubeide/plugins/com.st.stm32cube.ide.mcu.externaltools.gnu-tools-for-stm32.9-2020-q2-update.win32_2.0.0.202105311346/tools/bin/../lib/gcc/arm-none-eabi/9.3.1/thumb/v7e-m+fp/hard\libgcc.a(_aeabi_uldivmod.o)
                0x00000000080001d0                __aeabi_uldivmod
 .text          0x0000000008000200      0x2c4 d:/programs/stm32cubeide_1.7.0/stm32cubeide/plugins/com.st.stm32cube.ide.mcu.externaltools.gnu-tools-for-stm32.9-2020-q2-update.win32_2.0.0.202105311346/tools/bin/../lib/gcc/arm-none-eabi/9.3.1/thumb/v7e-m+fp/hard\libgcc.a(_udivmoddi4.o)
                0x0000000008000200                __udivmoddi4
 .text          0x00000000080004c4        0x4 d:/programs/stm32cubeide_1.7.0/stm32cubeide/plugins/com.st.stm32cube.ide.mcu.externaltools.gnu-tools-for-stm32.9-2020-q2-update.win32_2.0.0.202105311346/tools/bin/../lib/gcc/arm-none-eabi/9.3.1/thumb/v7e-m+fp/hard\libgcc.a(_dvmd_tls.o)
                0x00000000080004c4                __aeabi_idiv0
                0x00000000080004c4                __aeabi_ldiv0
 *(.text*)
 .text.vApplicationGetIdleTaskMemory
                0x00000000080004c8       0x34 ./Core/Src/freertos.o
                0x00000000080004c8                vApplicationGetIdleTaskMemory
 .text.__NVIC_GetPriorityGrouping
                0x00000000080004fc       0x1c ./Core/Src/main.o
 .text.__NVIC_EnableIRQ
                0x0000000008000518       0x3c ./Core/Src/main.o
 .text.__NVIC_SetPriority
                0x0000000008000554       0x54 ./Core/Src/main.o
 .text.NVIC_EncodePriority
                0x00000000080005a8       0x66 ./Core/Src/main.o
 .text.LL_USART_Enable
                0x000000000800060e       0x20 ./Core/Src/main.o
 .text.LL_USART_ConfigAsyncMode
                0x000000000800062e       0x2c ./Core/Src/main.o
 .text.LL_USART_IsActiveFlag_RXNE
                0x000000000800065a       0x26 ./Core/Src/main.o
 .text.LL_USART_IsActiveFlag_TXE
                0x0000000008000680       0x26 ./Core/Src/main.o
 .text.LL_USART_EnableIT_RXNE
                0x00000000080006a6       0x20 ./Core/Src/main.o
 .text.LL_USART_EnableIT_TXE
                0x00000000080006c6       0x20 ./Core/Src/main.o
 .text.LL_USART_DisableIT_TXE
                0x00000000080006e6       0x20 ./Core/Src/main.o
 .text.LL_USART_ReceiveData8
                0x0000000008000706       0x1c ./Core/Src/main.o
 .text.LL_USART_TransmitData8
                0x0000000008000722       0x20 ./Core/Src/main.o
 *fill*         0x0000000008000742        0x2 
 .text.LL_AHB2_GRP1_EnableClock
                0x0000000008000744       0x30 ./Core/Src/main.o
 .text.LL_APB1_GRP1_EnableClock
                0x0000000008000774       0x30 ./Core/Src/main.o
 .text.LL_DMA_SetDataTransferDirection
                0x00000000080007a4       0x50 ./Core/Src/main.o
 .text.LL_DMA_SetMode
                0x00000000080007f4       0x4c ./Core/Src/main.o
 .text.LL_DMA_SetPeriphIncMode
                0x0000000008000840       0x4c ./Core/Src/main.o
 .text.LL_DMA_SetMemoryIncMode
                0x000000000800088c       0x4c ./Core/Src/main.o
 .text.LL_DMA_SetPeriphSize
                0x00000000080008d8       0x4c ./Core/Src/main.o
 .text.LL_DMA_SetMemorySize
                0x0000000008000924       0x4c ./Core/Src/main.o
 .text.LL_DMA_SetChannelPriorityLevel
                0x0000000008000970       0x4c ./Core/Src/main.o
 .text.LL_DMA_SetPeriphRequest
                0x00000000080009bc       0x64 ./Core/Src/main.o
 .text.sendchar
                0x0000000008000a20       0x64 ./Core/Src/main.o
                0x0000000008000a20                sendchar
 .text.sendString
                0x0000000008000a84       0x34 ./Core/Src/main.o
                0x0000000008000a84                sendString
 .text.readchar
                0x0000000008000ab8       0x54 ./Core/Src/main.o
                0x0000000008000ab8                readchar
 .text.cli      0x0000000008000b0c       0x3c ./Core/Src/main.o
                0x0000000008000b0c                cli
 .text.usart_1_fcn
                0x0000000008000b48       0x24 ./Core/Src/main.o
                0x0000000008000b48                usart_1_fcn
 .text.USART_2_IRQHandler
                0x0000000008000b6c       0xc0 ./Core/Src/main.o
                0x0000000008000b6c                USART_2_IRQHandler
 .text.USART_1_IRQHandler
                0x0000000008000c2c       0xc0 ./Core/Src/main.o
                0x0000000008000c2c                USART_1_IRQHandler
 .text.main     0x0000000008000cec       0xa8 ./Core/Src/main.o
                0x0000000008000cec                main
 .text.SystemClock_Config
                0x0000000008000d94       0xac ./Core/Src/main.o
                0x0000000008000d94                SystemClock_Config
 .text.MX_USART1_UART_Init
                0x0000000008000e40       0x60 ./Core/Src/main.o
 .text.MX_USART2_UART_Init
                0x0000000008000ea0      0x1b4 ./Core/Src/main.o
 .text.MX_DMA_Init
                0x0000000008001054       0x4c ./Core/Src/main.o
 .text.MX_GPIO_Init
                0x00000000080010a0       0xb4 ./Core/Src/main.o
 .text.StartDefaultTask
                0x0000000008001154       0x10 ./Core/Src/main.o
                0x0000000008001154                StartDefaultTask
 .text.HAL_TIM_PeriodElapsedCallback
                0x0000000008001164       0x24 ./Core/Src/main.o
                0x0000000008001164                HAL_TIM_PeriodElapsedCallback
 .text.Error_Handler
                0x0000000008001188        0xa ./Core/Src/main.o
                0x0000000008001188                Error_Handler
 *fill*         0x0000000008001192        0x2 
 .text.HAL_MspInit
                0x0000000008001194       0x50 ./Core/Src/stm32l4xx_hal_msp.o
                0x0000000008001194                HAL_MspInit
 .text.HAL_UART_MspInit
                0x00000000080011e4       0xcc ./Core/Src/stm32l4xx_hal_msp.o
                0x00000000080011e4                HAL_UART_MspInit
 .text.HAL_InitTick
                0x00000000080012b0       0xac ./Core/Src/stm32l4xx_hal_timebase_tim.o
                0x00000000080012b0                HAL_InitTick
 .text.NMI_Handler
                0x000000000800135c        0x6 ./Core/Src/stm32l4xx_it.o
                0x000000000800135c                NMI_Handler
 .text.HardFault_Handler
                0x0000000008001362        0x6 ./Core/Src/stm32l4xx_it.o
                0x0000000008001362                HardFault_Handler
 .text.MemManage_Handler
                0x0000000008001368        0x6 ./Core/Src/stm32l4xx_it.o
                0x0000000008001368                MemManage_Handler
 .text.BusFault_Handler
                0x000000000800136e        0x6 ./Core/Src/stm32l4xx_it.o
                0x000000000800136e                BusFault_Handler
 .text.UsageFault_Handler
                0x0000000008001374        0x6 ./Core/Src/stm32l4xx_it.o
                0x0000000008001374                UsageFault_Handler
 .text.DebugMon_Handler
                0x000000000800137a        0xe ./Core/Src/stm32l4xx_it.o
                0x000000000800137a                DebugMon_Handler
 .text.DMA1_Channel6_IRQHandler
                0x0000000008001388        0xe ./Core/Src/stm32l4xx_it.o
                0x0000000008001388                DMA1_Channel6_IRQHandler
 *fill*         0x0000000008001396        0x2 
 .text.TIM1_UP_TIM16_IRQHandler
                0x0000000008001398       0x14 ./Core/Src/stm32l4xx_it.o
                0x0000000008001398                TIM1_UP_TIM16_IRQHandler
 .text.USART1_IRQHandler
                0x00000000080013ac       0x18 ./Core/Src/stm32l4xx_it.o
                0x00000000080013ac                USART1_IRQHandler
 .text.USART2_IRQHandler
                0x00000000080013c4        0xc ./Core/Src/stm32l4xx_it.o
                0x00000000080013c4                USART2_IRQHandler
 .text.SystemInit
                0x00000000080013d0       0x64 ./Core/Src/system_stm32l4xx.o
                0x00000000080013d0                SystemInit
 .text.Reset_Handler
                0x0000000008001434       0x50 ./Core/Startup/startup_stm32l476rgtx.o
                0x0000000008001434                Reset_Handler
 .text.Default_Handler
                0x0000000008001484        0x2 ./Core/Startup/startup_stm32l476rgtx.o
                0x0000000008001484                RTC_Alarm_IRQHandler
                0x0000000008001484                EXTI2_IRQHandler
                0x0000000008001484                TIM8_TRG_COM_IRQHandler
                0x0000000008001484                TIM8_CC_IRQHandler
                0x0000000008001484                TIM1_CC_IRQHandler
                0x0000000008001484                TSC_IRQHandler
                0x0000000008001484                TAMP_STAMP_IRQHandler
                0x0000000008001484                EXTI3_IRQHandler
                0x0000000008001484                LPTIM2_IRQHandler
                0x0000000008001484                DFSDM1_FLT1_IRQHandler
                0x0000000008001484                I2C3_ER_IRQHandler
                0x0000000008001484                DFSDM1_FLT2_IRQHandler
                0x0000000008001484                EXTI0_IRQHandler
                0x0000000008001484                I2C2_EV_IRQHandler
                0x0000000008001484                CAN1_RX0_IRQHandler
                0x0000000008001484                FPU_IRQHandler
                0x0000000008001484                ADC1_2_IRQHandler
                0x0000000008001484                SPI1_IRQHandler
                0x0000000008001484                TIM6_DAC_IRQHandler
                0x0000000008001484                TIM8_UP_IRQHandler
                0x0000000008001484                DMA2_Channel2_IRQHandler
                0x0000000008001484                DMA1_Channel4_IRQHandler
                0x0000000008001484                SAI2_IRQHandler
                0x0000000008001484                DFSDM1_FLT3_IRQHandler
                0x0000000008001484                USART3_IRQHandler
                0x0000000008001484                DMA1_Channel7_IRQHandler
                0x0000000008001484                CAN1_RX1_IRQHandler
                0x0000000008001484                LCD_IRQHandler
                0x0000000008001484                UART5_IRQHandler
                0x0000000008001484                ADC3_IRQHandler
                0x0000000008001484                TIM4_IRQHandler
                0x0000000008001484                DMA2_Channel1_IRQHandler
                0x0000000008001484                QUADSPI_IRQHandler
                0x0000000008001484                I2C1_EV_IRQHandler
                0x0000000008001484                UART4_IRQHandler
                0x0000000008001484                DMA2_Channel4_IRQHandler
                0x0000000008001484                TIM3_IRQHandler
                0x0000000008001484                RCC_IRQHandler
                0x0000000008001484                DMA1_Channel1_IRQHandler
                0x0000000008001484                Default_Handler
                0x0000000008001484                DMA2_Channel7_IRQHandler
                0x0000000008001484                EXTI15_10_IRQHandler
                0x0000000008001484                TIM7_IRQHandler
                0x0000000008001484                SDMMC1_IRQHandler
                0x0000000008001484                TIM5_IRQHandler
                0x0000000008001484                I2C3_EV_IRQHandler
                0x0000000008001484                EXTI9_5_IRQHandler
                0x0000000008001484                RTC_WKUP_IRQHandler
                0x0000000008001484                PVD_PVM_IRQHandler
                0x0000000008001484                SPI2_IRQHandler
                0x0000000008001484                CAN1_TX_IRQHandler
                0x0000000008001484                DMA2_Channel5_IRQHandler
                0x0000000008001484                DMA1_Channel5_IRQHandler
                0x0000000008001484                EXTI4_IRQHandler
                0x0000000008001484                RNG_IRQHandler
                0x0000000008001484                TIM1_TRG_COM_TIM17_IRQHandler
                0x0000000008001484                DMA1_Channel3_IRQHandler
                0x0000000008001484                COMP_IRQHandler
                0x0000000008001484                WWDG_IRQHandler
                0x0000000008001484                LPUART1_IRQHandler
                0x0000000008001484                DMA2_Channel6_IRQHandler
                0x0000000008001484                TIM2_IRQHandler
                0x0000000008001484                EXTI1_IRQHandler
                0x0000000008001484                DFSDM1_FLT0_IRQHandler
                0x0000000008001484                I2C2_ER_IRQHandler
                0x0000000008001484                DMA1_Channel2_IRQHandler
                0x0000000008001484                TIM8_BRK_IRQHandler
                0x0000000008001484                CAN1_SCE_IRQHandler
                0x0000000008001484                FLASH_IRQHandler
                0x0000000008001484                OTG_FS_IRQHandler
                0x0000000008001484                SPI3_IRQHandler
                0x0000000008001484                I2C1_ER_IRQHandler
                0x0000000008001484                FMC_IRQHandler
                0x0000000008001484                SWPMI1_IRQHandler
                0x0000000008001484                LPTIM1_IRQHandler
                0x0000000008001484                SAI1_IRQHandler
                0x0000000008001484                DMA2_Channel3_IRQHandler
                0x0000000008001484                TIM1_BRK_TIM15_IRQHandler
 .text.HAL_Init
                0x0000000008001486       0x30 ./Drivers/STM32L4xx_HAL_Driver/Src/stm32l4xx_hal.o
                0x0000000008001486                HAL_Init
 *fill*         0x00000000080014b6        0x2 
 .text.HAL_IncTick
                0x00000000080014b8       0x28 ./Drivers/STM32L4xx_HAL_Driver/Src/stm32l4xx_hal.o
                0x00000000080014b8                HAL_IncTick
 .text.HAL_GetTick
                0x00000000080014e0       0x18 ./Drivers/STM32L4xx_HAL_Driver/Src/stm32l4xx_hal.o
                0x00000000080014e0                HAL_GetTick
 .text.__NVIC_SetPriorityGrouping
                0x00000000080014f8       0x48 ./Drivers/STM32L4xx_HAL_Driver/Src/stm32l4xx_hal_cortex.o
 .text.__NVIC_GetPriorityGrouping
                0x0000000008001540       0x1c ./Drivers/STM32L4xx_HAL_Driver/Src/stm32l4xx_hal_cortex.o
 .text.__NVIC_EnableIRQ
                0x000000000800155c       0x3c ./Drivers/STM32L4xx_HAL_Driver/Src/stm32l4xx_hal_cortex.o
 .text.__NVIC_SetPriority
                0x0000000008001598       0x54 ./Drivers/STM32L4xx_HAL_Driver/Src/stm32l4xx_hal_cortex.o
 .text.NVIC_EncodePriority
                0x00000000080015ec       0x66 ./Drivers/STM32L4xx_HAL_Driver/Src/stm32l4xx_hal_cortex.o
 .text.HAL_NVIC_SetPriorityGrouping
                0x0000000008001652       0x16 ./Drivers/STM32L4xx_HAL_Driver/Src/stm32l4xx_hal_cortex.o
                0x0000000008001652                HAL_NVIC_SetPriorityGrouping
 .text.HAL_NVIC_SetPriority
                0x0000000008001668       0x38 ./Drivers/STM32L4xx_HAL_Driver/Src/stm32l4xx_hal_cortex.o
                0x0000000008001668                HAL_NVIC_SetPriority
 .text.HAL_NVIC_EnableIRQ
                0x00000000080016a0       0x1c ./Drivers/STM32L4xx_HAL_Driver/Src/stm32l4xx_hal_cortex.o
                0x00000000080016a0                HAL_NVIC_EnableIRQ
 .text.HAL_DMA_Abort
                0x00000000080016bc       0x7c ./Drivers/STM32L4xx_HAL_Driver/Src/stm32l4xx_hal_dma.o
                0x00000000080016bc                HAL_DMA_Abort
 .text.HAL_DMA_Abort_IT
                0x0000000008001738       0x82 ./Drivers/STM32L4xx_HAL_Driver/Src/stm32l4xx_hal_dma.o
                0x0000000008001738                HAL_DMA_Abort_IT
 *fill*         0x00000000080017ba        0x2 
 .text.HAL_GPIO_Init
                0x00000000080017bc      0x354 ./Drivers/STM32L4xx_HAL_Driver/Src/stm32l4xx_hal_gpio.o
                0x00000000080017bc                HAL_GPIO_Init
 .text.HAL_GPIO_WritePin
                0x0000000008001b10       0x30 ./Drivers/STM32L4xx_HAL_Driver/Src/stm32l4xx_hal_gpio.o
                0x0000000008001b10                HAL_GPIO_WritePin
 .text.HAL_PWR_EnableBkUpAccess
                0x0000000008001b40       0x20 ./Drivers/STM32L4xx_HAL_Driver/Src/stm32l4xx_hal_pwr.o
                0x0000000008001b40                HAL_PWR_EnableBkUpAccess
 .text.HAL_PWREx_GetVoltageRange
                0x0000000008001b60       0x1c ./Drivers/STM32L4xx_HAL_Driver/Src/stm32l4xx_hal_pwr_ex.o
                0x0000000008001b60                HAL_PWREx_GetVoltageRange
 .text.HAL_PWREx_ControlVoltageScaling
                0x0000000008001b7c       0xac ./Drivers/STM32L4xx_HAL_Driver/Src/stm32l4xx_hal_pwr_ex.o
                0x0000000008001b7c                HAL_PWREx_ControlVoltageScaling
 .text.HAL_RCC_OscConfig
                0x0000000008001c28      0x7cc ./Drivers/STM32L4xx_HAL_Driver/Src/stm32l4xx_hal_rcc.o
                0x0000000008001c28                HAL_RCC_OscConfig
 .text.HAL_RCC_ClockConfig
                0x00000000080023f4      0x1c4 ./Drivers/STM32L4xx_HAL_Driver/Src/stm32l4xx_hal_rcc.o
                0x00000000080023f4                HAL_RCC_ClockConfig
 .text.HAL_RCC_GetSysClockFreq
                0x00000000080025b8      0x118 ./Drivers/STM32L4xx_HAL_Driver/Src/stm32l4xx_hal_rcc.o
                0x00000000080025b8                HAL_RCC_GetSysClockFreq
 .text.HAL_RCC_GetHCLKFreq
                0x00000000080026d0       0x18 ./Drivers/STM32L4xx_HAL_Driver/Src/stm32l4xx_hal_rcc.o
                0x00000000080026d0                HAL_RCC_GetHCLKFreq
 .text.HAL_RCC_GetPCLK1Freq
                0x00000000080026e8       0x2c ./Drivers/STM32L4xx_HAL_Driver/Src/stm32l4xx_hal_rcc.o
                0x00000000080026e8                HAL_RCC_GetPCLK1Freq
 .text.HAL_RCC_GetPCLK2Freq
                0x0000000008002714       0x2c ./Drivers/STM32L4xx_HAL_Driver/Src/stm32l4xx_hal_rcc.o
                0x0000000008002714                HAL_RCC_GetPCLK2Freq
 .text.HAL_RCC_GetClockConfig
                0x0000000008002740       0x64 ./Drivers/STM32L4xx_HAL_Driver/Src/stm32l4xx_hal_rcc.o
                0x0000000008002740                HAL_RCC_GetClockConfig
 .text.RCC_SetFlashLatencyFromMSIRange
                0x00000000080027a4       0xc0 ./Drivers/STM32L4xx_HAL_Driver/Src/stm32l4xx_hal_rcc.o
 .text.HAL_RCCEx_PeriphCLKConfig
                0x0000000008002864      0x5d4 ./Drivers/STM32L4xx_HAL_Driver/Src/stm32l4xx_hal_rcc_ex.o
                0x0000000008002864                HAL_RCCEx_PeriphCLKConfig
 .text.HAL_RCCEx_EnableMSIPLLMode
                0x0000000008002e38       0x20 ./Drivers/STM32L4xx_HAL_Driver/Src/stm32l4xx_hal_rcc_ex.o
                0x0000000008002e38                HAL_RCCEx_EnableMSIPLLMode
 .text.RCCEx_PLLSAI1_Config
                0x0000000008002e58      0x1e8 ./Drivers/STM32L4xx_HAL_Driver/Src/stm32l4xx_hal_rcc_ex.o
 .text.RCCEx_PLLSAI2_Config
                0x0000000008003040      0x1bc ./Drivers/STM32L4xx_HAL_Driver/Src/stm32l4xx_hal_rcc_ex.o
 .text.HAL_TIM_Base_Init
                0x00000000080031fc       0xae ./Drivers/STM32L4xx_HAL_Driver/Src/stm32l4xx_hal_tim.o
                0x00000000080031fc                HAL_TIM_Base_Init
 .text.HAL_TIM_Base_MspInit
                0x00000000080032aa       0x14 ./Drivers/STM32L4xx_HAL_Driver/Src/stm32l4xx_hal_tim.o
                0x00000000080032aa                HAL_TIM_Base_MspInit
 *fill*         0x00000000080032be        0x2 
 .text.HAL_TIM_Base_Start_IT
                0x00000000080032c0       0xe0 ./Drivers/STM32L4xx_HAL_Driver/Src/stm32l4xx_hal_tim.o
                0x00000000080032c0                HAL_TIM_Base_Start_IT
 .text.HAL_TIM_IRQHandler
                0x00000000080033a0      0x23e ./Drivers/STM32L4xx_HAL_Driver/Src/stm32l4xx_hal_tim.o
                0x00000000080033a0                HAL_TIM_IRQHandler
 .text.HAL_TIM_OC_DelayElapsedCallback
                0x00000000080035de       0x14 ./Drivers/STM32L4xx_HAL_Driver/Src/stm32l4xx_hal_tim.o
                0x00000000080035de                HAL_TIM_OC_DelayElapsedCallback
 .text.HAL_TIM_IC_CaptureCallback
                0x00000000080035f2       0x14 ./Drivers/STM32L4xx_HAL_Driver/Src/stm32l4xx_hal_tim.o
                0x00000000080035f2                HAL_TIM_IC_CaptureCallback
 .text.HAL_TIM_PWM_PulseFinishedCallback
                0x0000000008003606       0x14 ./Drivers/STM32L4xx_HAL_Driver/Src/stm32l4xx_hal_tim.o
                0x0000000008003606                HAL_TIM_PWM_PulseFinishedCallback
 .text.HAL_TIM_TriggerCallback
                0x000000000800361a       0x14 ./Drivers/STM32L4xx_HAL_Driver/Src/stm32l4xx_hal_tim.o
                0x000000000800361a                HAL_TIM_TriggerCallback
 *fill*         0x000000000800362e        0x2 
 .text.TIM_Base_SetConfig
                0x0000000008003630      0x134 ./Drivers/STM32L4xx_HAL_Driver/Src/stm32l4xx_hal_tim.o
                0x0000000008003630                TIM_Base_SetConfig
 .text.HAL_TIMEx_CommutCallback
                0x0000000008003764       0x14 ./Drivers/STM32L4xx_HAL_Driver/Src/stm32l4xx_hal_tim_ex.o
                0x0000000008003764                HAL_TIMEx_CommutCallback
 .text.HAL_TIMEx_BreakCallback
                0x0000000008003778       0x14 ./Drivers/STM32L4xx_HAL_Driver/Src/stm32l4xx_hal_tim_ex.o
                0x0000000008003778                HAL_TIMEx_BreakCallback
 .text.HAL_TIMEx_Break2Callback
                0x000000000800378c       0x14 ./Drivers/STM32L4xx_HAL_Driver/Src/stm32l4xx_hal_tim_ex.o
                0x000000000800378c                HAL_TIMEx_Break2Callback
 .text.HAL_UART_Init
                0x00000000080037a0       0x9c ./Drivers/STM32L4xx_HAL_Driver/Src/stm32l4xx_hal_uart.o
                0x00000000080037a0                HAL_UART_Init
 .text.HAL_UART_IRQHandler
                0x000000000800383c      0x404 ./Drivers/STM32L4xx_HAL_Driver/Src/stm32l4xx_hal_uart.o
                0x000000000800383c                HAL_UART_IRQHandler
 .text.HAL_UART_TxCpltCallback
                0x0000000008003c40       0x14 ./Drivers/STM32L4xx_HAL_Driver/Src/stm32l4xx_hal_uart.o
                0x0000000008003c40                HAL_UART_TxCpltCallback
 .text.HAL_UART_ErrorCallback
                0x0000000008003c54       0x14 ./Drivers/STM32L4xx_HAL_Driver/Src/stm32l4xx_hal_uart.o
                0x0000000008003c54                HAL_UART_ErrorCallback
 .text.HAL_UARTEx_RxEventCallback
                0x0000000008003c68       0x18 ./Drivers/STM32L4xx_HAL_Driver/Src/stm32l4xx_hal_uart.o
                0x0000000008003c68                HAL_UARTEx_RxEventCallback
 .text.UART_SetConfig
                0x0000000008003c80      0x514 ./Drivers/STM32L4xx_HAL_Driver/Src/stm32l4xx_hal_uart.o
                0x0000000008003c80                UART_SetConfig
 .text.UART_AdvFeatureConfig
                0x0000000008004194      0x144 ./Drivers/STM32L4xx_HAL_Driver/Src/stm32l4xx_hal_uart.o
                0x0000000008004194                UART_AdvFeatureConfig
 .text.UART_CheckIdleState
                0x00000000080042d8       0x92 ./Drivers/STM32L4xx_HAL_Driver/Src/stm32l4xx_hal_uart.o
                0x00000000080042d8                UART_CheckIdleState
 .text.UART_WaitOnFlagUntilTimeout
                0x000000000800436a       0xf8 ./Drivers/STM32L4xx_HAL_Driver/Src/stm32l4xx_hal_uart.o
                0x000000000800436a                UART_WaitOnFlagUntilTimeout
 .text.UART_EndRxTransfer
                0x0000000008004462       0x5e ./Drivers/STM32L4xx_HAL_Driver/Src/stm32l4xx_hal_uart.o
 .text.UART_DMAAbortOnError
                0x00000000080044c0       0x2c ./Drivers/STM32L4xx_HAL_Driver/Src/stm32l4xx_hal_uart.o
 .text.UART_EndTransmit_IT
                0x00000000080044ec       0x32 ./Drivers/STM32L4xx_HAL_Driver/Src/stm32l4xx_hal_uart.o
 .text.HAL_UARTEx_WakeupCallback
                0x000000000800451e       0x14 ./Drivers/STM32L4xx_HAL_Driver/Src/stm32l4xx_hal_uart_ex.o
                0x000000000800451e                HAL_UARTEx_WakeupCallback
 .text.LL_GPIO_SetPinMode
                0x0000000008004532       0x7a ./Drivers/STM32L4xx_HAL_Driver/Src/stm32l4xx_ll_gpio.o
 .text.LL_GPIO_SetPinOutputType
                0x00000000080045ac       0x30 ./Drivers/STM32L4xx_HAL_Driver/Src/stm32l4xx_ll_gpio.o
 .text.LL_GPIO_SetPinSpeed
                0x00000000080045dc       0x7a ./Drivers/STM32L4xx_HAL_Driver/Src/stm32l4xx_ll_gpio.o
 .text.LL_GPIO_SetPinPull
                0x0000000008004656       0x7a ./Drivers/STM32L4xx_HAL_Driver/Src/stm32l4xx_ll_gpio.o
 .text.LL_GPIO_SetAFPin_0_7
                0x00000000080046d0       0x7a ./Drivers/STM32L4xx_HAL_Driver/Src/stm32l4xx_ll_gpio.o
 .text.LL_GPIO_SetAFPin_8_15
                0x000000000800474a       0x7e ./Drivers/STM32L4xx_HAL_Driver/Src/stm32l4xx_ll_gpio.o
 .text.LL_GPIO_Init
                0x00000000080047c8       0xdc ./Drivers/STM32L4xx_HAL_Driver/Src/stm32l4xx_ll_gpio.o
                0x00000000080047c8                LL_GPIO_Init
 .text.LL_RCC_HSI_IsReady
                0x00000000080048a4       0x28 ./Drivers/STM32L4xx_HAL_Driver/Src/stm32l4xx_ll_rcc.o
 .text.LL_RCC_LSE_IsReady
                0x00000000080048cc       0x28 ./Drivers/STM32L4xx_HAL_Driver/Src/stm32l4xx_ll_rcc.o
 .text.LL_RCC_MSI_IsEnabledRangeSelect
                0x00000000080048f4       0x24 ./Drivers/STM32L4xx_HAL_Driver/Src/stm32l4xx_ll_rcc.o
 .text.LL_RCC_MSI_GetRange
                0x0000000008004918       0x1c ./Drivers/STM32L4xx_HAL_Driver/Src/stm32l4xx_ll_rcc.o
 .text.LL_RCC_MSI_GetRangeAfterStandby
                0x0000000008004934       0x1c ./Drivers/STM32L4xx_HAL_Driver/Src/stm32l4xx_ll_rcc.o
 .text.LL_RCC_GetSysClkSource
                0x0000000008004950       0x1c ./Drivers/STM32L4xx_HAL_Driver/Src/stm32l4xx_ll_rcc.o
 .text.LL_RCC_GetAHBPrescaler
                0x000000000800496c       0x1c ./Drivers/STM32L4xx_HAL_Driver/Src/stm32l4xx_ll_rcc.o
 .text.LL_RCC_GetAPB1Prescaler
                0x0000000008004988       0x1c ./Drivers/STM32L4xx_HAL_Driver/Src/stm32l4xx_ll_rcc.o
 .text.LL_RCC_GetAPB2Prescaler
                0x00000000080049a4       0x1c ./Drivers/STM32L4xx_HAL_Driver/Src/stm32l4xx_ll_rcc.o
 .text.LL_RCC_GetUSARTClockSource
                0x00000000080049c0       0x28 ./Drivers/STM32L4xx_HAL_Driver/Src/stm32l4xx_ll_rcc.o
 .text.LL_RCC_GetUARTClockSource
                0x00000000080049e8       0x28 ./Drivers/STM32L4xx_HAL_Driver/Src/stm32l4xx_ll_rcc.o
 .text.LL_RCC_PLL_GetMainSource
                0x0000000008004a10       0x1c ./Drivers/STM32L4xx_HAL_Driver/Src/stm32l4xx_ll_rcc.o
 .text.LL_RCC_PLL_GetN
                0x0000000008004a2c       0x1c ./Drivers/STM32L4xx_HAL_Driver/Src/stm32l4xx_ll_rcc.o
 .text.LL_RCC_PLL_GetR
                0x0000000008004a48       0x1c ./Drivers/STM32L4xx_HAL_Driver/Src/stm32l4xx_ll_rcc.o
 .text.LL_RCC_PLL_GetDivider
                0x0000000008004a64       0x1c ./Drivers/STM32L4xx_HAL_Driver/Src/stm32l4xx_ll_rcc.o
 .text.LL_RCC_GetUSARTClockFreq
                0x0000000008004a80      0x1c8 ./Drivers/STM32L4xx_HAL_Driver/Src/stm32l4xx_ll_rcc.o
                0x0000000008004a80                LL_RCC_GetUSARTClockFreq
 .text.LL_RCC_GetUARTClockFreq
                0x0000000008004c48      0x130 ./Drivers/STM32L4xx_HAL_Driver/Src/stm32l4xx_ll_rcc.o
                0x0000000008004c48                LL_RCC_GetUARTClockFreq
 .text.RCC_GetSystemClockFreq
                0x0000000008004d78      0x120 ./Drivers/STM32L4xx_HAL_Driver/Src/stm32l4xx_ll_rcc.o
 .text.RCC_GetHCLKClockFreq
                0x0000000008004e98       0x2c ./Drivers/STM32L4xx_HAL_Driver/Src/stm32l4xx_ll_rcc.o
 .text.RCC_GetPCLK1ClockFreq
                0x0000000008004ec4       0x28 ./Drivers/STM32L4xx_HAL_Driver/Src/stm32l4xx_ll_rcc.o
 .text.RCC_GetPCLK2ClockFreq
                0x0000000008004eec       0x28 ./Drivers/STM32L4xx_HAL_Driver/Src/stm32l4xx_ll_rcc.o
 .text.RCC_PLL_GetFreqDomain_SYS
                0x0000000008004f14      0x118 ./Drivers/STM32L4xx_HAL_Driver/Src/stm32l4xx_ll_rcc.o
 .text.LL_USART_IsEnabled
                0x000000000800502c       0x26 ./Drivers/STM32L4xx_HAL_Driver/Src/stm32l4xx_ll_usart.o
 .text.LL_USART_SetStopBitsLength
                0x0000000008005052       0x26 ./Drivers/STM32L4xx_HAL_Driver/Src/stm32l4xx_ll_usart.o
 .text.LL_USART_SetHWFlowCtrl
                0x0000000008005078       0x26 ./Drivers/STM32L4xx_HAL_Driver/Src/stm32l4xx_ll_usart.o
 .text.LL_USART_SetBaudRate
                0x000000000800509e       0x6e ./Drivers/STM32L4xx_HAL_Driver/Src/stm32l4xx_ll_usart.o
 .text.LL_USART_Init
                0x000000000800510c       0xf8 ./Drivers/STM32L4xx_HAL_Driver/Src/stm32l4xx_ll_usart.o
                0x000000000800510c                LL_USART_Init
 .text.makeFreeRtosPriority
                0x0000000008005204       0x30 ./Middlewares/Third_Party/FreeRTOS/Source/CMSIS_RTOS/cmsis_os.o
 .text.osKernelStart
                0x0000000008005234        0xe ./Middlewares/Third_Party/FreeRTOS/Source/CMSIS_RTOS/cmsis_os.o
                0x0000000008005234                osKernelStart
 .text.osThreadCreate
                0x0000000008005242       0x98 ./Middlewares/Third_Party/FreeRTOS/Source/CMSIS_RTOS/cmsis_os.o
                0x0000000008005242                osThreadCreate
 .text.osDelay  0x00000000080052da       0x28 ./Middlewares/Third_Party/FreeRTOS/Source/CMSIS_RTOS/cmsis_os.o
                0x00000000080052da                osDelay
 .text.vListInitialise
                0x0000000008005302       0x40 ./Middlewares/Third_Party/FreeRTOS/Source/list.o
                0x0000000008005302                vListInitialise
 .text.vListInitialiseItem
                0x0000000008005342       0x1a ./Middlewares/Third_Party/FreeRTOS/Source/list.o
                0x0000000008005342                vListInitialiseItem
 .text.vListInsertEnd
                0x000000000800535c       0x48 ./Middlewares/Third_Party/FreeRTOS/Source/list.o
                0x000000000800535c                vListInsertEnd
 .text.vListInsert
                0x00000000080053a4       0x72 ./Middlewares/Third_Party/FreeRTOS/Source/list.o
                0x00000000080053a4                vListInsert
 .text.uxListRemove
                0x0000000008005416       0x54 ./Middlewares/Third_Party/FreeRTOS/Source/list.o
                0x0000000008005416                uxListRemove
 *fill*         0x000000000800546a        0x2 
 .text.xQueueGenericReset
                0x000000000800546c       0xd0 ./Middlewares/Third_Party/FreeRTOS/Source/queue.o
                0x000000000800546c                xQueueGenericReset
 .text.xQueueGenericCreate
                0x000000000800553c       0x74 ./Middlewares/Third_Party/FreeRTOS/Source/queue.o
                0x000000000800553c                xQueueGenericCreate
 .text.prvInitialiseNewQueue
                0x00000000080055b0       0x3e ./Middlewares/Third_Party/FreeRTOS/Source/queue.o
 .text.prvInitialiseMutex
                0x00000000080055ee       0x34 ./Middlewares/Third_Party/FreeRTOS/Source/queue.o
 .text.xQueueCreateMutex
                0x0000000008005622       0x30 ./Middlewares/Third_Party/FreeRTOS/Source/queue.o
                0x0000000008005622                xQueueCreateMutex
 *fill*         0x0000000008005652        0x2 
 .text.xQueueGenericSend
                0x0000000008005654      0x1fc ./Middlewares/Third_Party/FreeRTOS/Source/queue.o
                0x0000000008005654                xQueueGenericSend
 .text.xQueueGenericSendFromISR
                0x0000000008005850      0x136 ./Middlewares/Third_Party/FreeRTOS/Source/queue.o
                0x0000000008005850                xQueueGenericSendFromISR
 *fill*         0x0000000008005986        0x2 
 .text.xQueueReceive
                0x0000000008005988      0x1c0 ./Middlewares/Third_Party/FreeRTOS/Source/queue.o
                0x0000000008005988                xQueueReceive
 .text.xQueueReceiveFromISR
                0x0000000008005b48      0x100 ./Middlewares/Third_Party/FreeRTOS/Source/queue.o
                0x0000000008005b48                xQueueReceiveFromISR
 .text.prvCopyDataToQueue
                0x0000000008005c48       0xd4 ./Middlewares/Third_Party/FreeRTOS/Source/queue.o
 .text.prvCopyDataFromQueue
                0x0000000008005d1c       0x4c ./Middlewares/Third_Party/FreeRTOS/Source/queue.o
 .text.prvUnlockQueue
                0x0000000008005d68       0xa4 ./Middlewares/Third_Party/FreeRTOS/Source/queue.o
 .text.prvIsQueueEmpty
                0x0000000008005e0c       0x2c ./Middlewares/Third_Party/FreeRTOS/Source/queue.o
 .text.prvIsQueueFull
                0x0000000008005e38       0x30 ./Middlewares/Third_Party/FreeRTOS/Source/queue.o
 .text.xTaskCreateStatic
                0x0000000008005e68       0xba ./Middlewares/Third_Party/FreeRTOS/Source/tasks.o
                0x0000000008005e68                xTaskCreateStatic
 .text.xTaskCreate
                0x0000000008005f22       0x8a ./Middlewares/Third_Party/FreeRTOS/Source/tasks.o
                0x0000000008005f22                xTaskCreate
 .text.prvInitialiseNewTask
                0x0000000008005fac      0x10e ./Middlewares/Third_Party/FreeRTOS/Source/tasks.o
 *fill*         0x00000000080060ba        0x2 
 .text.prvAddNewTaskToReadyList
                0x00000000080060bc       0xd4 ./Middlewares/Third_Party/FreeRTOS/Source/tasks.o
 .text.vTaskDelay
                0x0000000008006190       0x68 ./Middlewares/Third_Party/FreeRTOS/Source/tasks.o
                0x0000000008006190                vTaskDelay
 .text.vTaskStartScheduler
                0x00000000080061f8       0xc0 ./Middlewares/Third_Party/FreeRTOS/Source/tasks.o
                0x00000000080061f8                vTaskStartScheduler
 .text.vTaskSuspendAll
                0x00000000080062b8       0x1c ./Middlewares/Third_Party/FreeRTOS/Source/tasks.o
                0x00000000080062b8                vTaskSuspendAll
 .text.xTaskResumeAll
                0x00000000080062d4      0x138 ./Middlewares/Third_Party/FreeRTOS/Source/tasks.o
                0x00000000080062d4                xTaskResumeAll
 .text.xTaskIncrementTick
                0x000000000800640c      0x170 ./Middlewares/Third_Party/FreeRTOS/Source/tasks.o
                0x000000000800640c                xTaskIncrementTick
 .text.vTaskSwitchContext
                0x000000000800657c       0xb8 ./Middlewares/Third_Party/FreeRTOS/Source/tasks.o
                0x000000000800657c                vTaskSwitchContext
 .text.vTaskPlaceOnEventList
                0x0000000008006634       0x48 ./Middlewares/Third_Party/FreeRTOS/Source/tasks.o
                0x0000000008006634                vTaskPlaceOnEventList
 .text.xTaskRemoveFromEventList
                0x000000000800667c       0xc4 ./Middlewares/Third_Party/FreeRTOS/Source/tasks.o
                0x000000000800667c                xTaskRemoveFromEventList
 .text.vTaskInternalSetTimeOutState
                0x0000000008006740       0x2c ./Middlewares/Third_Party/FreeRTOS/Source/tasks.o
                0x0000000008006740                vTaskInternalSetTimeOutState
 .text.xTaskCheckForTimeOut
                0x000000000800676c       0xc4 ./Middlewares/Third_Party/FreeRTOS/Source/tasks.o
                0x000000000800676c                xTaskCheckForTimeOut
 .text.vTaskMissedYield
                0x0000000008006830       0x18 ./Middlewares/Third_Party/FreeRTOS/Source/tasks.o
                0x0000000008006830                vTaskMissedYield
 .text.prvIdleTask
                0x0000000008006848       0x30 ./Middlewares/Third_Party/FreeRTOS/Source/tasks.o
 .text.prvInitialiseTaskLists
                0x0000000008006878       0x80 ./Middlewares/Third_Party/FreeRTOS/Source/tasks.o
 .text.prvCheckTasksWaitingTermination
                0x00000000080068f8       0x5c ./Middlewares/Third_Party/FreeRTOS/Source/tasks.o
 .text.prvDeleteTCB
                0x0000000008006954       0x5e ./Middlewares/Third_Party/FreeRTOS/Source/tasks.o
 *fill*         0x00000000080069b2        0x2 
 .text.prvResetNextTaskUnblockTime
                0x00000000080069b4       0x40 ./Middlewares/Third_Party/FreeRTOS/Source/tasks.o
 .text.xTaskGetSchedulerState
                0x00000000080069f4       0x3c ./Middlewares/Third_Party/FreeRTOS/Source/tasks.o
                0x00000000080069f4                xTaskGetSchedulerState
 .text.xTaskPriorityDisinherit
                0x0000000008006a30      0x10c ./Middlewares/Third_Party/FreeRTOS/Source/tasks.o
                0x0000000008006a30                xTaskPriorityDisinherit
 .text.prvAddCurrentTaskToDelayedList
                0x0000000008006b3c       0xcc ./Middlewares/Third_Party/FreeRTOS/Source/tasks.o
 .text.pxPortInitialiseStack
                0x0000000008006c08       0x68 ./Middlewares/Third_Party/FreeRTOS/Source/portable/GCC/ARM_CM4F/port.o
                0x0000000008006c08                pxPortInitialiseStack
 .text.prvTaskExitError
                0x0000000008006c70       0x58 ./Middlewares/Third_Party/FreeRTOS/Source/portable/GCC/ARM_CM4F/port.o
 *fill*         0x0000000008006cc8        0x8 
 .text.SVC_Handler
                0x0000000008006cd0       0x28 ./Middlewares/Third_Party/FreeRTOS/Source/portable/GCC/ARM_CM4F/port.o
                0x0000000008006cd0                SVC_Handler
 .text.prvPortStartFirstTask
                0x0000000008006cf8       0x28 ./Middlewares/Third_Party/FreeRTOS/Source/portable/GCC/ARM_CM4F/port.o
 .text.xPortStartScheduler
                0x0000000008006d20      0x144 ./Middlewares/Third_Party/FreeRTOS/Source/portable/GCC/ARM_CM4F/port.o
                0x0000000008006d20                xPortStartScheduler
 .text.vPortEnterCritical
                0x0000000008006e64       0x60 ./Middlewares/Third_Party/FreeRTOS/Source/portable/GCC/ARM_CM4F/port.o
                0x0000000008006e64                vPortEnterCritical
 .text.vPortExitCritical
                0x0000000008006ec4       0x54 ./Middlewares/Third_Party/FreeRTOS/Source/portable/GCC/ARM_CM4F/port.o
                0x0000000008006ec4                vPortExitCritical
 *fill*         0x0000000008006f18        0x8 
 .text.PendSV_Handler
                0x0000000008006f20       0x68 ./Middlewares/Third_Party/FreeRTOS/Source/portable/GCC/ARM_CM4F/port.o
                0x0000000008006f20                PendSV_Handler
 .text.SysTick_Handler
                0x0000000008006f88       0x44 ./Middlewares/Third_Party/FreeRTOS/Source/portable/GCC/ARM_CM4F/port.o
                0x0000000008006f88                SysTick_Handler
 .text.vPortSetupTimerInterrupt
                0x0000000008006fcc       0x48 ./Middlewares/Third_Party/FreeRTOS/Source/portable/GCC/ARM_CM4F/port.o
                0x0000000008006fcc                vPortSetupTimerInterrupt
 .text.vPortEnableVFP
                0x0000000008007014       0x14 ./Middlewares/Third_Party/FreeRTOS/Source/portable/GCC/ARM_CM4F/port.o
 .text.vPortValidateInterruptPriority
                0x0000000008007028       0x80 ./Middlewares/Third_Party/FreeRTOS/Source/portable/GCC/ARM_CM4F/port.o
                0x0000000008007028                vPortValidateInterruptPriority
 .text.pvPortMalloc
                0x00000000080070a8      0x198 ./Middlewares/Third_Party/FreeRTOS/Source/portable/MemMang/heap_4.o
                0x00000000080070a8                pvPortMalloc
 .text.vPortFree
                0x0000000008007240       0xc4 ./Middlewares/Third_Party/FreeRTOS/Source/portable/MemMang/heap_4.o
                0x0000000008007240                vPortFree
 .text.prvHeapInit
                0x0000000008007304       0xc4 ./Middlewares/Third_Party/FreeRTOS/Source/portable/MemMang/heap_4.o
 .text.prvInsertBlockIntoFreeList
                0x00000000080073c8       0xb4 ./Middlewares/Third_Party/FreeRTOS/Source/portable/MemMang/heap_4.o
 .text.__libc_init_array
                0x000000000800747c       0x48 d:/programs/stm32cubeide_1.7.0/stm32cubeide/plugins/com.st.stm32cube.ide.mcu.externaltools.gnu-tools-for-stm32.9-2020-q2-update.win32_2.0.0.202105311346/tools/bin/../lib/gcc/arm-none-eabi/9.3.1/../../../../arm-none-eabi/lib/thumb/v7e-m+fp/hard\libc_nano.a(lib_a-init.o)
                0x000000000800747c                __libc_init_array
 .text.memcpy   0x00000000080074c4       0x1c d:/programs/stm32cubeide_1.7.0/stm32cubeide/plugins/com.st.stm32cube.ide.mcu.externaltools.gnu-tools-for-stm32.9-2020-q2-update.win32_2.0.0.202105311346/tools/bin/../lib/gcc/arm-none-eabi/9.3.1/../../../../arm-none-eabi/lib/thumb/v7e-m+fp/hard\libc_nano.a(lib_a-memcpy-stub.o)
                0x00000000080074c4                memcpy
 .text.memset   0x00000000080074e0       0x10 d:/programs/stm32cubeide_1.7.0/stm32cubeide/plugins/com.st.stm32cube.ide.mcu.externaltools.gnu-tools-for-stm32.9-2020-q2-update.win32_2.0.0.202105311346/tools/bin/../lib/gcc/arm-none-eabi/9.3.1/../../../../arm-none-eabi/lib/thumb/v7e-m+fp/hard\libc_nano.a(lib_a-memset.o)
                0x00000000080074e0                memset
 *(.glue_7)
 .glue_7        0x00000000080074f0        0x0 linker stubs
 *(.glue_7t)
 .glue_7t       0x00000000080074f0        0x0 linker stubs
 *(.eh_frame)
 .eh_frame      0x00000000080074f0        0x0 d:/programs/stm32cubeide_1.7.0/stm32cubeide/plugins/com.st.stm32cube.ide.mcu.externaltools.gnu-tools-for-stm32.9-2020-q2-update.win32_2.0.0.202105311346/tools/bin/../lib/gcc/arm-none-eabi/9.3.1/thumb/v7e-m+fp/hard/crtbegin.o
 *(.init)
 .init          0x00000000080074f0        0x4 d:/programs/stm32cubeide_1.7.0/stm32cubeide/plugins/com.st.stm32cube.ide.mcu.externaltools.gnu-tools-for-stm32.9-2020-q2-update.win32_2.0.0.202105311346/tools/bin/../lib/gcc/arm-none-eabi/9.3.1/thumb/v7e-m+fp/hard/crti.o
                0x00000000080074f0                _init
 .init          0x00000000080074f4        0x8 d:/programs/stm32cubeide_1.7.0/stm32cubeide/plugins/com.st.stm32cube.ide.mcu.externaltools.gnu-tools-for-stm32.9-2020-q2-update.win32_2.0.0.202105311346/tools/bin/../lib/gcc/arm-none-eabi/9.3.1/thumb/v7e-m+fp/hard/crtn.o
 *(.fini)
 .fini          0x00000000080074fc        0x4 d:/programs/stm32cubeide_1.7.0/stm32cubeide/plugins/com.st.stm32cube.ide.mcu.externaltools.gnu-tools-for-stm32.9-2020-q2-update.win32_2.0.0.202105311346/tools/bin/../lib/gcc/arm-none-eabi/9.3.1/thumb/v7e-m+fp/hard/crti.o
                0x00000000080074fc                _fini
 .fini          0x0000000008007500        0x8 d:/programs/stm32cubeide_1.7.0/stm32cubeide/plugins/com.st.stm32cube.ide.mcu.externaltools.gnu-tools-for-stm32.9-2020-q2-update.win32_2.0.0.202105311346/tools/bin/../lib/gcc/arm-none-eabi/9.3.1/thumb/v7e-m+fp/hard/crtn.o
                0x0000000008007508                . = ALIGN (0x4)
                0x0000000008007508                _etext = .

.vfp11_veneer   0x0000000008007508        0x0
 .vfp11_veneer  0x0000000008007508        0x0 linker stubs

.v4_bx          0x0000000008007508        0x0
 .v4_bx         0x0000000008007508        0x0 linker stubs

.iplt           0x0000000008007508        0x0
 .iplt          0x0000000008007508        0x0 d:/programs/stm32cubeide_1.7.0/stm32cubeide/plugins/com.st.stm32cube.ide.mcu.externaltools.gnu-tools-for-stm32.9-2020-q2-update.win32_2.0.0.202105311346/tools/bin/../lib/gcc/arm-none-eabi/9.3.1/thumb/v7e-m+fp/hard/crtbegin.o

.rodata         0x0000000008007508       0xa0
                0x0000000008007508                . = ALIGN (0x4)
 *(.rodata)
 .rodata        0x0000000008007508       0x48 ./Core/Src/main.o
 .rodata        0x0000000008007550        0x5 ./Middlewares/Third_Party/FreeRTOS/Source/tasks.o
 *(.rodata*)
 *fill*         0x0000000008007555        0x3 
 .rodata.CHANNEL_OFFSET_TAB
                0x0000000008007558        0x7 ./Core/Src/main.o
 *fill*         0x000000000800755f        0x1 
 .rodata.AHBPrescTable
                0x0000000008007560       0x10 ./Core/Src/system_stm32l4xx.o
                0x0000000008007560                AHBPrescTable
 .rodata.APBPrescTable
                0x0000000008007570        0x8 ./Core/Src/system_stm32l4xx.o
                0x0000000008007570                APBPrescTable
 .rodata.MSIRangeTable
                0x0000000008007578       0x30 ./Core/Src/system_stm32l4xx.o
                0x0000000008007578                MSIRangeTable
                0x00000000080075a8                . = ALIGN (0x4)

.ARM.extab      0x00000000080075a8        0x0
                0x00000000080075a8                . = ALIGN (0x4)
 *(.ARM.extab* .gnu.linkonce.armextab.*)
                0x00000000080075a8                . = ALIGN (0x4)

.ARM            0x00000000080075a8        0x8
                0x00000000080075a8                . = ALIGN (0x4)
                0x00000000080075a8                __exidx_start = .
 *(.ARM.exidx*)
 .ARM.exidx     0x00000000080075a8        0x8 d:/programs/stm32cubeide_1.7.0/stm32cubeide/plugins/com.st.stm32cube.ide.mcu.externaltools.gnu-tools-for-stm32.9-2020-q2-update.win32_2.0.0.202105311346/tools/bin/../lib/gcc/arm-none-eabi/9.3.1/thumb/v7e-m+fp/hard\libgcc.a(_udivmoddi4.o)
                0x00000000080075b0                __exidx_end = .
                0x00000000080075b0                . = ALIGN (0x4)

.rel.dyn        0x00000000080075b0        0x0
 .rel.iplt      0x00000000080075b0        0x0 d:/programs/stm32cubeide_1.7.0/stm32cubeide/plugins/com.st.stm32cube.ide.mcu.externaltools.gnu-tools-for-stm32.9-2020-q2-update.win32_2.0.0.202105311346/tools/bin/../lib/gcc/arm-none-eabi/9.3.1/thumb/v7e-m+fp/hard/crtbegin.o

.preinit_array  0x00000000080075b0        0x0
                0x00000000080075b0                . = ALIGN (0x4)
                0x00000000080075b0                PROVIDE (__preinit_array_start = .)
 *(.preinit_array*)
                0x00000000080075b0                PROVIDE (__preinit_array_end = .)
                0x00000000080075b0                . = ALIGN (0x4)

.init_array     0x00000000080075b0        0x4
                0x00000000080075b0                . = ALIGN (0x4)
                0x00000000080075b0                PROVIDE (__init_array_start = .)
 *(SORT_BY_NAME(.init_array.*))
 *(.init_array*)
 .init_array    0x00000000080075b0        0x4 d:/programs/stm32cubeide_1.7.0/stm32cubeide/plugins/com.st.stm32cube.ide.mcu.externaltools.gnu-tools-for-stm32.9-2020-q2-update.win32_2.0.0.202105311346/tools/bin/../lib/gcc/arm-none-eabi/9.3.1/thumb/v7e-m+fp/hard/crtbegin.o
                0x00000000080075b4                PROVIDE (__init_array_end = .)
                0x00000000080075b4                . = ALIGN (0x4)

.fini_array     0x00000000080075b4        0x4
                0x00000000080075b4                . = ALIGN (0x4)
                [!provide]                        PROVIDE (__fini_array_start = .)
 *(SORT_BY_NAME(.fini_array.*))
 *(.fini_array*)
 .fini_array    0x00000000080075b4        0x4 d:/programs/stm32cubeide_1.7.0/stm32cubeide/plugins/com.st.stm32cube.ide.mcu.externaltools.gnu-tools-for-stm32.9-2020-q2-update.win32_2.0.0.202105311346/tools/bin/../lib/gcc/arm-none-eabi/9.3.1/thumb/v7e-m+fp/hard/crtbegin.o
                [!provide]                        PROVIDE (__fini_array_end = .)
                0x00000000080075b8                . = ALIGN (0x4)
                0x00000000080075b8                _sidata = LOADADDR (.data)

.data           0x0000000020000000       0x10 load address 0x00000000080075b8
                0x0000000020000000                . = ALIGN (0x4)
                0x0000000020000000                _sdata = .
 *(.data)
 *(.data*)
 .data.SystemCoreClock
                0x0000000020000000        0x4 ./Core/Src/system_stm32l4xx.o
                0x0000000020000000                SystemCoreClock
 .data.uwTickPrio
                0x0000000020000004        0x4 ./Drivers/STM32L4xx_HAL_Driver/Src/stm32l4xx_hal.o
                0x0000000020000004                uwTickPrio
 .data.uwTickFreq
                0x0000000020000008        0x1 ./Drivers/STM32L4xx_HAL_Driver/Src/stm32l4xx_hal.o
                0x0000000020000008                uwTickFreq
 *fill*         0x0000000020000009        0x3 
 .data.uxCriticalNesting
                0x000000002000000c        0x4 ./Middlewares/Third_Party/FreeRTOS/Source/portable/GCC/ARM_CM4F/port.o
 *(.RamFunc)
 *(.RamFunc*)
                0x0000000020000010                . = ALIGN (0x4)
                0x0000000020000010                _edata = .

.igot.plt       0x0000000020000010        0x0 load address 0x00000000080075c8
 .igot.plt      0x0000000020000010        0x0 d:/programs/stm32cubeide_1.7.0/stm32cubeide/plugins/com.st.stm32cube.ide.mcu.externaltools.gnu-tools-for-stm32.9-2020-q2-update.win32_2.0.0.202105311346/tools/bin/../lib/gcc/arm-none-eabi/9.3.1/thumb/v7e-m+fp/hard/crtbegin.o
                0x0000000020000010                . = ALIGN (0x4)

.bss            0x0000000020000010     0x106c load address 0x00000000080075c8
                0x0000000020000010                _sbss = .
                0x0000000020000010                __bss_start__ = _sbss
 *(.bss)
 .bss           0x0000000020000010       0x1c d:/programs/stm32cubeide_1.7.0/stm32cubeide/plugins/com.st.stm32cube.ide.mcu.externaltools.gnu-tools-for-stm32.9-2020-q2-update.win32_2.0.0.202105311346/tools/bin/../lib/gcc/arm-none-eabi/9.3.1/thumb/v7e-m+fp/hard/crtbegin.o
 *(.bss*)
 .bss.xIdleTaskTCBBuffer
                0x000000002000002c       0x54 ./Core/Src/freertos.o
 .bss.xIdleStack
                0x0000000020000080      0x200 ./Core/Src/freertos.o
 .bss.uart_1_mutex
                0x0000000020000280        0x4 ./Core/Src/main.o
                0x0000000020000280                uart_1_mutex
 .bss.uart_2_mutex
                0x0000000020000284        0x4 ./Core/Src/main.o
                0x0000000020000284                uart_2_mutex
 .bss.pxCurrentTCB
                0x0000000020000288        0x4 ./Middlewares/Third_Party/FreeRTOS/Source/tasks.o
                0x0000000020000288                pxCurrentTCB
 .bss.pxReadyTasksLists
                0x000000002000028c       0x8c ./Middlewares/Third_Party/FreeRTOS/Source/tasks.o
 .bss.xDelayedTaskList1
                0x0000000020000318       0x14 ./Middlewares/Third_Party/FreeRTOS/Source/tasks.o
 .bss.xDelayedTaskList2
                0x000000002000032c       0x14 ./Middlewares/Third_Party/FreeRTOS/Source/tasks.o
 .bss.pxDelayedTaskList
                0x0000000020000340        0x4 ./Middlewares/Third_Party/FreeRTOS/Source/tasks.o
 .bss.pxOverflowDelayedTaskList
                0x0000000020000344        0x4 ./Middlewares/Third_Party/FreeRTOS/Source/tasks.o
 .bss.xPendingReadyList
                0x0000000020000348       0x14 ./Middlewares/Third_Party/FreeRTOS/Source/tasks.o
 .bss.xTasksWaitingTermination
                0x000000002000035c       0x14 ./Middlewares/Third_Party/FreeRTOS/Source/tasks.o
 .bss.uxDeletedTasksWaitingCleanUp
                0x0000000020000370        0x4 ./Middlewares/Third_Party/FreeRTOS/Source/tasks.o
 .bss.xSuspendedTaskList
                0x0000000020000374       0x14 ./Middlewares/Third_Party/FreeRTOS/Source/tasks.o
 .bss.uxCurrentNumberOfTasks
                0x0000000020000388        0x4 ./Middlewares/Third_Party/FreeRTOS/Source/tasks.o
 .bss.xTickCount
                0x000000002000038c        0x4 ./Middlewares/Third_Party/FreeRTOS/Source/tasks.o
 .bss.uxTopReadyPriority
                0x0000000020000390        0x4 ./Middlewares/Third_Party/FreeRTOS/Source/tasks.o
 .bss.xSchedulerRunning
                0x0000000020000394        0x4 ./Middlewares/Third_Party/FreeRTOS/Source/tasks.o
 .bss.xPendedTicks
                0x0000000020000398        0x4 ./Middlewares/Third_Party/FreeRTOS/Source/tasks.o
 .bss.xYieldPending
                0x000000002000039c        0x4 ./Middlewares/Third_Party/FreeRTOS/Source/tasks.o
 .bss.xNumOfOverflows
                0x00000000200003a0        0x4 ./Middlewares/Third_Party/FreeRTOS/Source/tasks.o
 .bss.uxTaskNumber
                0x00000000200003a4        0x4 ./Middlewares/Third_Party/FreeRTOS/Source/tasks.o
 .bss.xNextTaskUnblockTime
                0x00000000200003a8        0x4 ./Middlewares/Third_Party/FreeRTOS/Source/tasks.o
 .bss.xIdleTaskHandle
                0x00000000200003ac        0x4 ./Middlewares/Third_Party/FreeRTOS/Source/tasks.o
 .bss.uxSchedulerSuspended
                0x00000000200003b0        0x4 ./Middlewares/Third_Party/FreeRTOS/Source/tasks.o
 .bss.ucMaxSysCallPriority
                0x00000000200003b4        0x1 ./Middlewares/Third_Party/FreeRTOS/Source/portable/GCC/ARM_CM4F/port.o
 *fill*         0x00000000200003b5        0x3 
 .bss.ulMaxPRIGROUPValue
                0x00000000200003b8        0x4 ./Middlewares/Third_Party/FreeRTOS/Source/portable/GCC/ARM_CM4F/port.o
 .bss.ucHeap    0x00000000200003bc      0xbb8 ./Middlewares/Third_Party/FreeRTOS/Source/portable/MemMang/heap_4.o
 .bss.xStart    0x0000000020000f74        0x8 ./Middlewares/Third_Party/FreeRTOS/Source/portable/MemMang/heap_4.o
 .bss.pxEnd     0x0000000020000f7c        0x4 ./Middlewares/Third_Party/FreeRTOS/Source/portable/MemMang/heap_4.o
 .bss.xFreeBytesRemaining
                0x0000000020000f80        0x4 ./Middlewares/Third_Party/FreeRTOS/Source/portable/MemMang/heap_4.o
 .bss.xMinimumEverFreeBytesRemaining
                0x0000000020000f84        0x4 ./Middlewares/Third_Party/FreeRTOS/Source/portable/MemMang/heap_4.o
 .bss.xNumberOfSuccessfulAllocations
                0x0000000020000f88        0x4 ./Middlewares/Third_Party/FreeRTOS/Source/portable/MemMang/heap_4.o
 .bss.xNumberOfSuccessfulFrees
                0x0000000020000f8c        0x4 ./Middlewares/Third_Party/FreeRTOS/Source/portable/MemMang/heap_4.o
 .bss.xBlockAllocatedBit
                0x0000000020000f90        0x4 ./Middlewares/Third_Party/FreeRTOS/Source/portable/MemMang/heap_4.o
 *(COMMON)
 COMMON         0x0000000020000f94       0x98 ./Core/Src/main.o
                0x0000000020000f94                defaultTaskHandle
                0x0000000020000f98                rx_queue_1
                0x0000000020000f9c                huart1
                0x0000000020001020                tx_queue_2
                0x0000000020001024                rx_queue_2
                0x0000000020001028                tx_queue_1
 COMMON         0x000000002000102c       0x4c ./Core/Src/stm32l4xx_hal_timebase_tim.o
                0x000000002000102c                htim1
 COMMON         0x0000000020001078        0x4 ./Drivers/STM32L4xx_HAL_Driver/Src/stm32l4xx_hal.o
                0x0000000020001078                uwTick
                0x000000002000107c                . = ALIGN (0x4)
                0x000000002000107c                _ebss = .
                0x000000002000107c                __bss_end__ = _ebss

._user_heap_stack
                0x000000002000107c      0x604 load address 0x00000000080075c8
                0x0000000020001080                . = ALIGN (0x8)
 *fill*         0x000000002000107c        0x4 
                [!provide]                        PROVIDE (end = .)
                0x0000000020001080                PROVIDE (_end = .)
                0x0000000020001280                . = (. + _Min_Heap_Size)
 *fill*         0x0000000020001080      0x200 
                0x0000000020001680                . = (. + _Min_Stack_Size)
 *fill*         0x0000000020001280      0x400 
                0x0000000020001680                . = ALIGN (0x8)

/DISCARD/
 libc.a(*)
 libm.a(*)
 libgcc.a(*)

.ARM.attributes
                0x0000000000000000       0x30
 *(.ARM.attributes)
 .ARM.attributes
                0x0000000000000000       0x1e d:/programs/stm32cubeide_1.7.0/stm32cubeide/plugins/com.st.stm32cube.ide.mcu.externaltools.gnu-tools-for-stm32.9-2020-q2-update.win32_2.0.0.202105311346/tools/bin/../lib/gcc/arm-none-eabi/9.3.1/thumb/v7e-m+fp/hard/crti.o
 .ARM.attributes
                0x000000000000001e       0x34 d:/programs/stm32cubeide_1.7.0/stm32cubeide/plugins/com.st.stm32cube.ide.mcu.externaltools.gnu-tools-for-stm32.9-2020-q2-update.win32_2.0.0.202105311346/tools/bin/../lib/gcc/arm-none-eabi/9.3.1/thumb/v7e-m+fp/hard/crtbegin.o
 .ARM.attributes
                0x0000000000000052       0x34 ./Core/Src/freertos.o
 .ARM.attributes
                0x0000000000000086       0x34 ./Core/Src/main.o
 .ARM.attributes
                0x00000000000000ba       0x34 ./Core/Src/stm32l4xx_hal_msp.o
 .ARM.attributes
                0x00000000000000ee       0x34 ./Core/Src/stm32l4xx_hal_timebase_tim.o
 .ARM.attributes
                0x0000000000000122       0x34 ./Core/Src/stm32l4xx_it.o
 .ARM.attributes
                0x0000000000000156       0x34 ./Core/Src/system_stm32l4xx.o
 .ARM.attributes
                0x000000000000018a       0x21 ./Core/Startup/startup_stm32l476rgtx.o
 .ARM.attributes
                0x00000000000001ab       0x34 ./Drivers/STM32L4xx_HAL_Driver/Src/stm32l4xx_hal.o
 .ARM.attributes
                0x00000000000001df       0x34 ./Drivers/STM32L4xx_HAL_Driver/Src/stm32l4xx_hal_cortex.o
 .ARM.attributes
                0x0000000000000213       0x34 ./Drivers/STM32L4xx_HAL_Driver/Src/stm32l4xx_hal_dma.o
 .ARM.attributes
                0x0000000000000247       0x34 ./Drivers/STM32L4xx_HAL_Driver/Src/stm32l4xx_hal_gpio.o
 .ARM.attributes
                0x000000000000027b       0x34 ./Drivers/STM32L4xx_HAL_Driver/Src/stm32l4xx_hal_pwr.o
 .ARM.attributes
                0x00000000000002af       0x34 ./Drivers/STM32L4xx_HAL_Driver/Src/stm32l4xx_hal_pwr_ex.o
 .ARM.attributes
                0x00000000000002e3       0x34 ./Drivers/STM32L4xx_HAL_Driver/Src/stm32l4xx_hal_rcc.o
 .ARM.attributes
                0x0000000000000317       0x34 ./Drivers/STM32L4xx_HAL_Driver/Src/stm32l4xx_hal_rcc_ex.o
 .ARM.attributes
                0x000000000000034b       0x34 ./Drivers/STM32L4xx_HAL_Driver/Src/stm32l4xx_hal_tim.o
 .ARM.attributes
                0x000000000000037f       0x34 ./Drivers/STM32L4xx_HAL_Driver/Src/stm32l4xx_hal_tim_ex.o
 .ARM.attributes
                0x00000000000003b3       0x34 ./Drivers/STM32L4xx_HAL_Driver/Src/stm32l4xx_hal_uart.o
 .ARM.attributes
                0x00000000000003e7       0x34 ./Drivers/STM32L4xx_HAL_Driver/Src/stm32l4xx_hal_uart_ex.o
 .ARM.attributes
                0x000000000000041b       0x34 ./Drivers/STM32L4xx_HAL_Driver/Src/stm32l4xx_ll_gpio.o
 .ARM.attributes
                0x000000000000044f       0x34 ./Drivers/STM32L4xx_HAL_Driver/Src/stm32l4xx_ll_rcc.o
 .ARM.attributes
                0x0000000000000483       0x34 ./Drivers/STM32L4xx_HAL_Driver/Src/stm32l4xx_ll_usart.o
 .ARM.attributes
                0x00000000000004b7       0x34 ./Middlewares/Third_Party/FreeRTOS/Source/CMSIS_RTOS/cmsis_os.o
 .ARM.attributes
                0x00000000000004eb       0x34 ./Middlewares/Third_Party/FreeRTOS/Source/list.o
 .ARM.attributes
                0x000000000000051f       0x34 ./Middlewares/Third_Party/FreeRTOS/Source/queue.o
 .ARM.attributes
                0x0000000000000553       0x34 ./Middlewares/Third_Party/FreeRTOS/Source/tasks.o
 .ARM.attributes
                0x0000000000000587       0x34 ./Middlewares/Third_Party/FreeRTOS/Source/portable/GCC/ARM_CM4F/port.o
 .ARM.attributes
                0x00000000000005bb       0x34 ./Middlewares/Third_Party/FreeRTOS/Source/portable/MemMang/heap_4.o
 .ARM.attributes
                0x00000000000005ef       0x34 d:/programs/stm32cubeide_1.7.0/stm32cubeide/plugins/com.st.stm32cube.ide.mcu.externaltools.gnu-tools-for-stm32.9-2020-q2-update.win32_2.0.0.202105311346/tools/bin/../lib/gcc/arm-none-eabi/9.3.1/../../../../arm-none-eabi/lib/thumb/v7e-m+fp/hard\libc_nano.a(lib_a-init.o)
 .ARM.attributes
                0x0000000000000623       0x34 d:/programs/stm32cubeide_1.7.0/stm32cubeide/plugins/com.st.stm32cube.ide.mcu.externaltools.gnu-tools-for-stm32.9-2020-q2-update.win32_2.0.0.202105311346/tools/bin/../lib/gcc/arm-none-eabi/9.3.1/../../../../arm-none-eabi/lib/thumb/v7e-m+fp/hard\libc_nano.a(lib_a-memcpy-stub.o)
 .ARM.attributes
                0x0000000000000657       0x34 d:/programs/stm32cubeide_1.7.0/stm32cubeide/plugins/com.st.stm32cube.ide.mcu.externaltools.gnu-tools-for-stm32.9-2020-q2-update.win32_2.0.0.202105311346/tools/bin/../lib/gcc/arm-none-eabi/9.3.1/../../../../arm-none-eabi/lib/thumb/v7e-m+fp/hard\libc_nano.a(lib_a-memset.o)
 .ARM.attributes
                0x000000000000068b       0x1e d:/programs/stm32cubeide_1.7.0/stm32cubeide/plugins/com.st.stm32cube.ide.mcu.externaltools.gnu-tools-for-stm32.9-2020-q2-update.win32_2.0.0.202105311346/tools/bin/../lib/gcc/arm-none-eabi/9.3.1/thumb/v7e-m+fp/hard\libgcc.a(_aeabi_uldivmod.o)
 .ARM.attributes
                0x00000000000006a9       0x34 d:/programs/stm32cubeide_1.7.0/stm32cubeide/plugins/com.st.stm32cube.ide.mcu.externaltools.gnu-tools-for-stm32.9-2020-q2-update.win32_2.0.0.202105311346/tools/bin/../lib/gcc/arm-none-eabi/9.3.1/thumb/v7e-m+fp/hard\libgcc.a(_udivmoddi4.o)
 .ARM.attributes
                0x00000000000006dd       0x1e d:/programs/stm32cubeide_1.7.0/stm32cubeide/plugins/com.st.stm32cube.ide.mcu.externaltools.gnu-tools-for-stm32.9-2020-q2-update.win32_2.0.0.202105311346/tools/bin/../lib/gcc/arm-none-eabi/9.3.1/thumb/v7e-m+fp/hard\libgcc.a(_dvmd_tls.o)
 .ARM.attributes
                0x00000000000006fb       0x1e d:/programs/stm32cubeide_1.7.0/stm32cubeide/plugins/com.st.stm32cube.ide.mcu.externaltools.gnu-tools-for-stm32.9-2020-q2-update.win32_2.0.0.202105311346/tools/bin/../lib/gcc/arm-none-eabi/9.3.1/thumb/v7e-m+fp/hard/crtn.o
OUTPUT(UART_SERIAL.elf elf32-littlearm)
LOAD linker stubs
LOAD d:/programs/stm32cubeide_1.7.0/stm32cubeide/plugins/com.st.stm32cube.ide.mcu.externaltools.gnu-tools-for-stm32.9-2020-q2-update.win32_2.0.0.202105311346/tools/bin/../lib/gcc/arm-none-eabi/9.3.1/../../../../arm-none-eabi/lib/thumb/v7e-m+fp/hard\libc.a
LOAD d:/programs/stm32cubeide_1.7.0/stm32cubeide/plugins/com.st.stm32cube.ide.mcu.externaltools.gnu-tools-for-stm32.9-2020-q2-update.win32_2.0.0.202105311346/tools/bin/../lib/gcc/arm-none-eabi/9.3.1/../../../../arm-none-eabi/lib/thumb/v7e-m+fp/hard\libm.a
LOAD d:/programs/stm32cubeide_1.7.0/stm32cubeide/plugins/com.st.stm32cube.ide.mcu.externaltools.gnu-tools-for-stm32.9-2020-q2-update.win32_2.0.0.202105311346/tools/bin/../lib/gcc/arm-none-eabi/9.3.1/thumb/v7e-m+fp/hard\libgcc.a

.debug_info     0x0000000000000000    0x1e486
 .debug_info    0x0000000000000000      0x4e5 ./Core/Src/freertos.o
 .debug_info    0x00000000000004e5     0x2f61 ./Core/Src/main.o
 .debug_info    0x0000000000003446     0x112f ./Core/Src/stm32l4xx_hal_msp.o
 .debug_info    0x0000000000004575      0xe29 ./Core/Src/stm32l4xx_hal_timebase_tim.o
 .debug_info    0x000000000000539e      0xd01 ./Core/Src/stm32l4xx_it.o
 .debug_info    0x000000000000609f      0x779 ./Core/Src/system_stm32l4xx.o
 .debug_info    0x0000000000006818       0x22 ./Core/Startup/startup_stm32l476rgtx.o
 .debug_info    0x000000000000683a      0xcb9 ./Drivers/STM32L4xx_HAL_Driver/Src/stm32l4xx_hal.o
 .debug_info    0x00000000000074f3     0x102e ./Drivers/STM32L4xx_HAL_Driver/Src/stm32l4xx_hal_cortex.o
 .debug_info    0x0000000000008521      0x973 ./Drivers/STM32L4xx_HAL_Driver/Src/stm32l4xx_hal_dma.o
 .debug_info    0x0000000000008e94      0xa5f ./Drivers/STM32L4xx_HAL_Driver/Src/stm32l4xx_hal_gpio.o
 .debug_info    0x00000000000098f3      0xb39 ./Drivers/STM32L4xx_HAL_Driver/Src/stm32l4xx_hal_pwr.o
 .debug_info    0x000000000000a42c      0xbda ./Drivers/STM32L4xx_HAL_Driver/Src/stm32l4xx_hal_pwr_ex.o
 .debug_info    0x000000000000b006      0xe0b ./Drivers/STM32L4xx_HAL_Driver/Src/stm32l4xx_hal_rcc.o
 .debug_info    0x000000000000be11     0x103f ./Drivers/STM32L4xx_HAL_Driver/Src/stm32l4xx_hal_rcc_ex.o
 .debug_info    0x000000000000ce50     0x2cb9 ./Drivers/STM32L4xx_HAL_Driver/Src/stm32l4xx_hal_tim.o
 .debug_info    0x000000000000fb09     0x1813 ./Drivers/STM32L4xx_HAL_Driver/Src/stm32l4xx_hal_tim_ex.o
 .debug_info    0x000000000001131c     0x1ac3 ./Drivers/STM32L4xx_HAL_Driver/Src/stm32l4xx_hal_uart.o
 .debug_info    0x0000000000012ddf      0xc67 ./Drivers/STM32L4xx_HAL_Driver/Src/stm32l4xx_hal_uart_ex.o
 .debug_info    0x0000000000013a46      0xc2d ./Drivers/STM32L4xx_HAL_Driver/Src/stm32l4xx_ll_gpio.o
 .debug_info    0x0000000000014673     0x106e ./Drivers/STM32L4xx_HAL_Driver/Src/stm32l4xx_ll_rcc.o
 .debug_info    0x00000000000156e1      0x9fb ./Drivers/STM32L4xx_HAL_Driver/Src/stm32l4xx_ll_usart.o
 .debug_info    0x00000000000160dc     0x203c ./Middlewares/Third_Party/FreeRTOS/Source/CMSIS_RTOS/cmsis_os.o
 .debug_info    0x0000000000018118      0xb82 ./Middlewares/Third_Party/FreeRTOS/Source/list.o
 .debug_info    0x0000000000018c9a     0x1ffc ./Middlewares/Third_Party/FreeRTOS/Source/queue.o
 .debug_info    0x000000000001ac96     0x2575 ./Middlewares/Third_Party/FreeRTOS/Source/tasks.o
 .debug_info    0x000000000001d20b      0x4f1 ./Middlewares/Third_Party/FreeRTOS/Source/portable/GCC/ARM_CM4F/port.o
 .debug_info    0x000000000001d6fc      0xd8a ./Middlewares/Third_Party/FreeRTOS/Source/portable/MemMang/heap_4.o

.debug_abbrev   0x0000000000000000     0x3ecc
 .debug_abbrev  0x0000000000000000      0x13d ./Core/Src/freertos.o
 .debug_abbrev  0x000000000000013d      0x42f ./Core/Src/main.o
 .debug_abbrev  0x000000000000056c      0x1b5 ./Core/Src/stm32l4xx_hal_msp.o
 .debug_abbrev  0x0000000000000721      0x1bf ./Core/Src/stm32l4xx_hal_timebase_tim.o
 .debug_abbrev  0x00000000000008e0      0x187 ./Core/Src/stm32l4xx_it.o
 .debug_abbrev  0x0000000000000a67      0x165 ./Core/Src/system_stm32l4xx.o
 .debug_abbrev  0x0000000000000bcc       0x12 ./Core/Startup/startup_stm32l476rgtx.o
 .debug_abbrev  0x0000000000000bde      0x227 ./Drivers/STM32L4xx_HAL_Driver/Src/stm32l4xx_hal.o
 .debug_abbrev  0x0000000000000e05      0x33c ./Drivers/STM32L4xx_HAL_Driver/Src/stm32l4xx_hal_cortex.o
 .debug_abbrev  0x0000000000001141      0x201 ./Drivers/STM32L4xx_HAL_Driver/Src/stm32l4xx_hal_dma.o
 .debug_abbrev  0x0000000000001342      0x1e8 ./Drivers/STM32L4xx_HAL_Driver/Src/stm32l4xx_hal_gpio.o
 .debug_abbrev  0x000000000000152a      0x1ab ./Drivers/STM32L4xx_HAL_Driver/Src/stm32l4xx_hal_pwr.o
 .debug_abbrev  0x00000000000016d5      0x1f3 ./Drivers/STM32L4xx_HAL_Driver/Src/stm32l4xx_hal_pwr_ex.o
 .debug_abbrev  0x00000000000018c8      0x275 ./Drivers/STM32L4xx_HAL_Driver/Src/stm32l4xx_hal_rcc.o
 .debug_abbrev  0x0000000000001b3d      0x268 ./Drivers/STM32L4xx_HAL_Driver/Src/stm32l4xx_hal_rcc_ex.o
 .debug_abbrev  0x0000000000001da5      0x25e ./Drivers/STM32L4xx_HAL_Driver/Src/stm32l4xx_hal_tim.o
 .debug_abbrev  0x0000000000002003      0x266 ./Drivers/STM32L4xx_HAL_Driver/Src/stm32l4xx_hal_tim_ex.o
 .debug_abbrev  0x0000000000002269      0x23f ./Drivers/STM32L4xx_HAL_Driver/Src/stm32l4xx_hal_uart.o
 .debug_abbrev  0x00000000000024a8      0x20a ./Drivers/STM32L4xx_HAL_Driver/Src/stm32l4xx_hal_uart_ex.o
 .debug_abbrev  0x00000000000026b2      0x250 ./Drivers/STM32L4xx_HAL_Driver/Src/stm32l4xx_ll_gpio.o
 .debug_abbrev  0x0000000000002902      0x227 ./Drivers/STM32L4xx_HAL_Driver/Src/stm32l4xx_ll_rcc.o
 .debug_abbrev  0x0000000000002b29      0x1d7 ./Drivers/STM32L4xx_HAL_Driver/Src/stm32l4xx_ll_usart.o
 .debug_abbrev  0x0000000000002d00      0x3d1 ./Middlewares/Third_Party/FreeRTOS/Source/CMSIS_RTOS/cmsis_os.o
 .debug_abbrev  0x00000000000030d1      0x1f7 ./Middlewares/Third_Party/FreeRTOS/Source/list.o
 .debug_abbrev  0x00000000000032c8      0x380 ./Middlewares/Third_Party/FreeRTOS/Source/queue.o
 .debug_abbrev  0x0000000000003648      0x380 ./Middlewares/Third_Party/FreeRTOS/Source/tasks.o
 .debug_abbrev  0x00000000000039c8      0x231 ./Middlewares/Third_Party/FreeRTOS/Source/portable/GCC/ARM_CM4F/port.o
 .debug_abbrev  0x0000000000003bf9      0x2d3 ./Middlewares/Third_Party/FreeRTOS/Source/portable/MemMang/heap_4.o

.debug_aranges  0x0000000000000000     0x19d0
 .debug_aranges
                0x0000000000000000       0x20 ./Core/Src/freertos.o
 .debug_aranges
                0x0000000000000020      0x150 ./Core/Src/main.o
 .debug_aranges
                0x0000000000000170       0x30 ./Core/Src/stm32l4xx_hal_msp.o
 .debug_aranges
                0x00000000000001a0       0x30 ./Core/Src/stm32l4xx_hal_timebase_tim.o
 .debug_aranges
                0x00000000000001d0       0x68 ./Core/Src/stm32l4xx_it.o
 .debug_aranges
                0x0000000000000238       0x28 ./Core/Src/system_stm32l4xx.o
 .debug_aranges
                0x0000000000000260       0x28 ./Core/Startup/startup_stm32l476rgtx.o
 .debug_aranges
                0x0000000000000288      0x130 ./Drivers/STM32L4xx_HAL_Driver/Src/stm32l4xx_hal.o
 .debug_aranges
                0x00000000000003b8      0x118 ./Drivers/STM32L4xx_HAL_Driver/Src/stm32l4xx_hal_cortex.o
 .debug_aranges
                0x00000000000004d0       0x80 ./Drivers/STM32L4xx_HAL_Driver/Src/stm32l4xx_hal_dma.o
 .debug_aranges
                0x0000000000000550       0x58 ./Drivers/STM32L4xx_HAL_Driver/Src/stm32l4xx_hal_gpio.o
 .debug_aranges
                0x00000000000005a8       0x98 ./Drivers/STM32L4xx_HAL_Driver/Src/stm32l4xx_hal_pwr.o
 .debug_aranges
                0x0000000000000640      0x150 ./Drivers/STM32L4xx_HAL_Driver/Src/stm32l4xx_hal_pwr_ex.o
 .debug_aranges
                0x0000000000000790       0x88 ./Drivers/STM32L4xx_HAL_Driver/Src/stm32l4xx_hal_rcc.o
 .debug_aranges
                0x0000000000000818       0xc0 ./Drivers/STM32L4xx_HAL_Driver/Src/stm32l4xx_hal_rcc_ex.o
 .debug_aranges
                0x00000000000008d8      0x3e0 ./Drivers/STM32L4xx_HAL_Driver/Src/stm32l4xx_hal_tim.o
 .debug_aranges
                0x0000000000000cb8      0x180 ./Drivers/STM32L4xx_HAL_Driver/Src/stm32l4xx_hal_tim_ex.o
 .debug_aranges
                0x0000000000000e38      0x228 ./Drivers/STM32L4xx_HAL_Driver/Src/stm32l4xx_hal_uart.o
 .debug_aranges
                0x0000000000001060       0x78 ./Drivers/STM32L4xx_HAL_Driver/Src/stm32l4xx_hal_uart_ex.o
 .debug_aranges
                0x00000000000010d8       0x70 ./Drivers/STM32L4xx_HAL_Driver/Src/stm32l4xx_ll_gpio.o
 .debug_aranges
                0x0000000000001148      0x250 ./Drivers/STM32L4xx_HAL_Driver/Src/stm32l4xx_ll_rcc.o
 .debug_aranges
                0x0000000000001398       0x88 ./Drivers/STM32L4xx_HAL_Driver/Src/stm32l4xx_ll_usart.o
 .debug_aranges
                0x0000000000001420      0x1d8 ./Middlewares/Third_Party/FreeRTOS/Source/CMSIS_RTOS/cmsis_os.o
 .debug_aranges
                0x00000000000015f8       0x40 ./Middlewares/Third_Party/FreeRTOS/Source/list.o
 .debug_aranges
                0x0000000000001638      0x108 ./Middlewares/Third_Party/FreeRTOS/Source/queue.o
 .debug_aranges
                0x0000000000001740      0x1b8 ./Middlewares/Third_Party/FreeRTOS/Source/tasks.o
 .debug_aranges
                0x00000000000018f8       0x80 ./Middlewares/Third_Party/FreeRTOS/Source/portable/GCC/ARM_CM4F/port.o
 .debug_aranges
                0x0000000000001978       0x58 ./Middlewares/Third_Party/FreeRTOS/Source/portable/MemMang/heap_4.o

.debug_ranges   0x0000000000000000     0x1848
 .debug_ranges  0x0000000000000000       0x10 ./Core/Src/freertos.o
 .debug_ranges  0x0000000000000010      0x140 ./Core/Src/main.o
 .debug_ranges  0x0000000000000150       0x20 ./Core/Src/stm32l4xx_hal_msp.o
 .debug_ranges  0x0000000000000170       0x20 ./Core/Src/stm32l4xx_hal_timebase_tim.o
 .debug_ranges  0x0000000000000190       0x58 ./Core/Src/stm32l4xx_it.o
 .debug_ranges  0x00000000000001e8       0x18 ./Core/Src/system_stm32l4xx.o
 .debug_ranges  0x0000000000000200       0x20 ./Core/Startup/startup_stm32l476rgtx.o
 .debug_ranges  0x0000000000000220      0x120 ./Drivers/STM32L4xx_HAL_Driver/Src/stm32l4xx_hal.o
 .debug_ranges  0x0000000000000340      0x108 ./Drivers/STM32L4xx_HAL_Driver/Src/stm32l4xx_hal_cortex.o
 .debug_ranges  0x0000000000000448       0x70 ./Drivers/STM32L4xx_HAL_Driver/Src/stm32l4xx_hal_dma.o
 .debug_ranges  0x00000000000004b8       0x48 ./Drivers/STM32L4xx_HAL_Driver/Src/stm32l4xx_hal_gpio.o
 .debug_ranges  0x0000000000000500       0x88 ./Drivers/STM32L4xx_HAL_Driver/Src/stm32l4xx_hal_pwr.o
 .debug_ranges  0x0000000000000588      0x140 ./Drivers/STM32L4xx_HAL_Driver/Src/stm32l4xx_hal_pwr_ex.o
 .debug_ranges  0x00000000000006c8       0x78 ./Drivers/STM32L4xx_HAL_Driver/Src/stm32l4xx_hal_rcc.o
 .debug_ranges  0x0000000000000740       0xb0 ./Drivers/STM32L4xx_HAL_Driver/Src/stm32l4xx_hal_rcc_ex.o
 .debug_ranges  0x00000000000007f0      0x3d0 ./Drivers/STM32L4xx_HAL_Driver/Src/stm32l4xx_hal_tim.o
 .debug_ranges  0x0000000000000bc0      0x170 ./Drivers/STM32L4xx_HAL_Driver/Src/stm32l4xx_hal_tim_ex.o
 .debug_ranges  0x0000000000000d30      0x248 ./Drivers/STM32L4xx_HAL_Driver/Src/stm32l4xx_hal_uart.o
 .debug_ranges  0x0000000000000f78       0x68 ./Drivers/STM32L4xx_HAL_Driver/Src/stm32l4xx_hal_uart_ex.o
 .debug_ranges  0x0000000000000fe0       0x60 ./Drivers/STM32L4xx_HAL_Driver/Src/stm32l4xx_ll_gpio.o
 .debug_ranges  0x0000000000001040      0x240 ./Drivers/STM32L4xx_HAL_Driver/Src/stm32l4xx_ll_rcc.o
 .debug_ranges  0x0000000000001280       0x78 ./Drivers/STM32L4xx_HAL_Driver/Src/stm32l4xx_ll_usart.o
 .debug_ranges  0x00000000000012f8      0x1c8 ./Middlewares/Third_Party/FreeRTOS/Source/CMSIS_RTOS/cmsis_os.o
 .debug_ranges  0x00000000000014c0       0x30 ./Middlewares/Third_Party/FreeRTOS/Source/list.o
 .debug_ranges  0x00000000000014f0       0xf8 ./Middlewares/Third_Party/FreeRTOS/Source/queue.o
 .debug_ranges  0x00000000000015e8      0x1a8 ./Middlewares/Third_Party/FreeRTOS/Source/tasks.o
 .debug_ranges  0x0000000000001790       0x70 ./Middlewares/Third_Party/FreeRTOS/Source/portable/GCC/ARM_CM4F/port.o
 .debug_ranges  0x0000000000001800       0x48 ./Middlewares/Third_Party/FreeRTOS/Source/portable/MemMang/heap_4.o

.debug_macro    0x0000000000000000    0x2b85c
 .debug_macro   0x0000000000000000      0x2a5 ./Core/Src/freertos.o
 .debug_macro   0x00000000000002a5      0xaae ./Core/Src/freertos.o
 .debug_macro   0x0000000000000d53      0x174 ./Core/Src/freertos.o
 .debug_macro   0x0000000000000ec7       0x22 ./Core/Src/freertos.o
 .debug_macro   0x0000000000000ee9       0x8e ./Core/Src/freertos.o
 .debug_macro   0x0000000000000f77       0x51 ./Core/Src/freertos.o
 .debug_macro   0x0000000000000fc8      0x103 ./Core/Src/freertos.o
 .debug_macro   0x00000000000010cb       0x6a ./Core/Src/freertos.o
 .debug_macro   0x0000000000001135      0x1df ./Core/Src/freertos.o
 .debug_macro   0x0000000000001314       0xea ./Core/Src/freertos.o
 .debug_macro   0x00000000000013fe      0x15a ./Core/Src/freertos.o
 .debug_macro   0x0000000000001558       0xde ./Core/Src/freertos.o
 .debug_macro   0x0000000000001636       0x1c ./Core/Src/freertos.o
 .debug_macro   0x0000000000001652       0x26 ./Core/Src/freertos.o
 .debug_macro   0x0000000000001678      0x504 ./Core/Src/freertos.o
 .debug_macro   0x0000000000001b7c       0xb5 ./Core/Src/freertos.o
 .debug_macro   0x0000000000001c31       0xaa ./Core/Src/freertos.o
 .debug_macro   0x0000000000001cdb      0x1ad ./Core/Src/freertos.o
 .debug_macro   0x0000000000001e88       0x2e ./Core/Src/freertos.o
 .debug_macro   0x0000000000001eb6       0x28 ./Core/Src/freertos.o
 .debug_macro   0x0000000000001ede       0x1c ./Core/Src/freertos.o
 .debug_macro   0x0000000000001efa       0x22 ./Core/Src/freertos.o
 .debug_macro   0x0000000000001f1c      0x101 ./Core/Src/freertos.o
 .debug_macro   0x000000000000201d     0x1011 ./Core/Src/freertos.o
 .debug_macro   0x000000000000302e      0x11f ./Core/Src/freertos.o
 .debug_macro   0x000000000000314d    0x1a13d ./Core/Src/freertos.o
 .debug_macro   0x000000000001d28a       0x43 ./Core/Src/freertos.o
 .debug_macro   0x000000000001d2cd     0x3897 ./Core/Src/freertos.o
 .debug_macro   0x0000000000020b64       0x5c ./Core/Src/freertos.o
 .debug_macro   0x0000000000020bc0     0x155f ./Core/Src/freertos.o
 .debug_macro   0x000000000002211f      0x59e ./Core/Src/freertos.o
 .debug_macro   0x00000000000226bd      0x13d ./Core/Src/freertos.o
 .debug_macro   0x00000000000227fa      0x18b ./Core/Src/freertos.o
 .debug_macro   0x0000000000022985      0x26b ./Core/Src/freertos.o
 .debug_macro   0x0000000000022bf0      0x23d ./Core/Src/freertos.o
 .debug_macro   0x0000000000022e2d      0x241 ./Core/Src/freertos.o
 .debug_macro   0x000000000002306e      0x37c ./Core/Src/freertos.o
 .debug_macro   0x00000000000233ea       0xd6 ./Core/Src/freertos.o
 .debug_macro   0x00000000000234c0      0x22c ./Core/Src/freertos.o
 .debug_macro   0x00000000000236ec       0x61 ./Core/Src/freertos.o
 .debug_macro   0x000000000002374d       0xa5 ./Core/Src/freertos.o
 .debug_macro   0x00000000000237f2      0x122 ./Core/Src/freertos.o
 .debug_macro   0x0000000000023914      0x3e9 ./Core/Src/freertos.o
 .debug_macro   0x0000000000023cfd      0xa75 ./Core/Src/freertos.o
 .debug_macro   0x0000000000024772      0x1e7 ./Core/Src/freertos.o
 .debug_macro   0x0000000000024959      0x5ba ./Core/Src/freertos.o
 .debug_macro   0x0000000000024f13       0x44 ./Core/Src/freertos.o
 .debug_macro   0x0000000000024f57      0x331 ./Core/Src/freertos.o
 .debug_macro   0x0000000000025288      0x2f7 ./Core/Src/freertos.o
 .debug_macro   0x000000000002557f      0x708 ./Core/Src/freertos.o
 .debug_macro   0x0000000000025c87      0x1bf ./Core/Src/freertos.o
 .debug_macro   0x0000000000025e46      0x1a7 ./Core/Src/freertos.o
 .debug_macro   0x0000000000025fed      0x2f5 ./Core/Src/freertos.o
 .debug_macro   0x00000000000262e2       0xa7 ./Core/Src/freertos.o
 .debug_macro   0x0000000000026389      0x208 ./Core/Src/freertos.o
 .debug_macro   0x0000000000026591      0x16a ./Core/Src/freertos.o
 .debug_macro   0x00000000000266fb      0x2cb ./Core/Src/freertos.o
 .debug_macro   0x00000000000269c6      0x164 ./Core/Src/freertos.o
 .debug_macro   0x0000000000026b2a      0x3d6 ./Core/Src/main.o
 .debug_macro   0x0000000000026f00       0xea ./Core/Src/main.o
 .debug_macro   0x0000000000026fea       0x91 ./Core/Src/main.o
 .debug_macro   0x000000000002707b       0x8d ./Core/Src/main.o
 .debug_macro   0x0000000000027108       0x7e ./Core/Src/main.o
 .debug_macro   0x0000000000027186       0x19 ./Core/Src/main.o
 .debug_macro   0x000000000002719f       0xf2 ./Core/Src/main.o
 .debug_macro   0x0000000000027291       0x52 ./Core/Src/main.o
 .debug_macro   0x00000000000272e3       0x18 ./Core/Src/main.o
 .debug_macro   0x00000000000272fb       0x3c ./Core/Src/main.o
 .debug_macro   0x0000000000027337       0x34 ./Core/Src/main.o
 .debug_macro   0x000000000002736b       0x16 ./Core/Src/main.o
 .debug_macro   0x0000000000027381       0x43 ./Core/Src/main.o
 .debug_macro   0x00000000000273c4       0x34 ./Core/Src/main.o
 .debug_macro   0x00000000000273f8       0x10 ./Core/Src/main.o
 .debug_macro   0x0000000000027408       0x58 ./Core/Src/main.o
 .debug_macro   0x0000000000027460       0x71 ./Core/Src/main.o
 .debug_macro   0x00000000000274d1       0x1c ./Core/Src/main.o
 .debug_macro   0x00000000000274ed      0x12a ./Core/Src/main.o
 .debug_macro   0x0000000000027617      0x333 ./Core/Src/main.o
 .debug_macro   0x000000000002794a       0x10 ./Core/Src/main.o
 .debug_macro   0x000000000002795a       0x35 ./Core/Src/main.o
 .debug_macro   0x000000000002798f       0x20 ./Core/Src/main.o
 .debug_macro   0x00000000000279af      0x23d ./Core/Src/stm32l4xx_hal_msp.o
 .debug_macro   0x0000000000027bec      0x1d9 ./Core/Src/stm32l4xx_hal_timebase_tim.o
 .debug_macro   0x0000000000027dc5      0x247 ./Core/Src/stm32l4xx_it.o
 .debug_macro   0x000000000002800c      0x1d9 ./Core/Src/system_stm32l4xx.o
 .debug_macro   0x00000000000281e5      0x227 ./Drivers/STM32L4xx_HAL_Driver/Src/stm32l4xx_hal.o
 .debug_macro   0x000000000002840c      0x1d9 ./Drivers/STM32L4xx_HAL_Driver/Src/stm32l4xx_hal_cortex.o
 .debug_macro   0x00000000000285e5      0x1d9 ./Drivers/STM32L4xx_HAL_Driver/Src/stm32l4xx_hal_dma.o
 .debug_macro   0x00000000000287be      0x218 ./Drivers/STM32L4xx_HAL_Driver/Src/stm32l4xx_hal_gpio.o
 .debug_macro   0x00000000000289d6      0x1f1 ./Drivers/STM32L4xx_HAL_Driver/Src/stm32l4xx_hal_pwr.o
 .debug_macro   0x0000000000028bc7      0x1fd ./Drivers/STM32L4xx_HAL_Driver/Src/stm32l4xx_hal_pwr_ex.o
 .debug_macro   0x0000000000028dc4      0x21b ./Drivers/STM32L4xx_HAL_Driver/Src/stm32l4xx_hal_rcc.o
 .debug_macro   0x0000000000028fdf      0x20f ./Drivers/STM32L4xx_HAL_Driver/Src/stm32l4xx_hal_rcc_ex.o
 .debug_macro   0x00000000000291ee      0x1da ./Drivers/STM32L4xx_HAL_Driver/Src/stm32l4xx_hal_tim.o
 .debug_macro   0x00000000000293c8      0x1d9 ./Drivers/STM32L4xx_HAL_Driver/Src/stm32l4xx_hal_tim_ex.o
 .debug_macro   0x00000000000295a1      0x204 ./Drivers/STM32L4xx_HAL_Driver/Src/stm32l4xx_hal_uart.o
 .debug_macro   0x00000000000297a5      0x1d9 ./Drivers/STM32L4xx_HAL_Driver/Src/stm32l4xx_hal_uart_ex.o
 .debug_macro   0x000000000002997e      0x21b ./Drivers/STM32L4xx_HAL_Driver/Src/stm32l4xx_ll_gpio.o
 .debug_macro   0x0000000000029b99      0x164 ./Drivers/STM32L4xx_HAL_Driver/Src/stm32l4xx_ll_gpio.o
 .debug_macro   0x0000000000029cfd      0x236 ./Drivers/STM32L4xx_HAL_Driver/Src/stm32l4xx_ll_rcc.o
 .debug_macro   0x0000000000029f33      0x702 ./Drivers/STM32L4xx_HAL_Driver/Src/stm32l4xx_ll_rcc.o
 .debug_macro   0x000000000002a635      0x248 ./Drivers/STM32L4xx_HAL_Driver/Src/stm32l4xx_ll_usart.o
 .debug_macro   0x000000000002a87d      0x2f1 ./Drivers/STM32L4xx_HAL_Driver/Src/stm32l4xx_ll_usart.o
 .debug_macro   0x000000000002ab6e      0x1fe ./Middlewares/Third_Party/FreeRTOS/Source/CMSIS_RTOS/cmsis_os.o
 .debug_macro   0x000000000002ad6c       0xe9 ./Middlewares/Third_Party/FreeRTOS/Source/CMSIS_RTOS/cmsis_os.o
 .debug_macro   0x000000000002ae55      0x187 ./Middlewares/Third_Party/FreeRTOS/Source/list.o
 .debug_macro   0x000000000002afdc      0x216 ./Middlewares/Third_Party/FreeRTOS/Source/queue.o
 .debug_macro   0x000000000002b1f2       0x16 ./Middlewares/Third_Party/FreeRTOS/Source/queue.o
 .debug_macro   0x000000000002b208       0x87 ./Middlewares/Third_Party/FreeRTOS/Source/queue.o
 .debug_macro   0x000000000002b28f      0x279 ./Middlewares/Third_Party/FreeRTOS/Source/tasks.o
 .debug_macro   0x000000000002b508       0x10 ./Middlewares/Third_Party/FreeRTOS/Source/tasks.o
 .debug_macro   0x000000000002b518      0x196 ./Middlewares/Third_Party/FreeRTOS/Source/portable/GCC/ARM_CM4F/port.o
 .debug_macro   0x000000000002b6ae      0x1ae ./Middlewares/Third_Party/FreeRTOS/Source/portable/MemMang/heap_4.o

.debug_line     0x0000000000000000    0x1aae5
 .debug_line    0x0000000000000000      0x8f7 ./Core/Src/freertos.o
 .debug_line    0x00000000000008f7     0x1198 ./Core/Src/main.o
 .debug_line    0x0000000000001a8f      0x85c ./Core/Src/stm32l4xx_hal_msp.o
 .debug_line    0x00000000000022eb      0x76d ./Core/Src/stm32l4xx_hal_timebase_tim.o
 .debug_line    0x0000000000002a58      0x8db ./Core/Src/stm32l4xx_it.o
 .debug_line    0x0000000000003333      0x7c1 ./Core/Src/system_stm32l4xx.o
 .debug_line    0x0000000000003af4       0x87 ./Core/Startup/startup_stm32l476rgtx.o
 .debug_line    0x0000000000003b7b      0xb00 ./Drivers/STM32L4xx_HAL_Driver/Src/stm32l4xx_hal.o
 .debug_line    0x000000000000467b      0xca7 ./Drivers/STM32L4xx_HAL_Driver/Src/stm32l4xx_hal_cortex.o
 .debug_line    0x0000000000005322      0xcdf ./Drivers/STM32L4xx_HAL_Driver/Src/stm32l4xx_hal_dma.o
 .debug_line    0x0000000000006001      0xb7a ./Drivers/STM32L4xx_HAL_Driver/Src/stm32l4xx_hal_gpio.o
 .debug_line    0x0000000000006b7b      0x8dd ./Drivers/STM32L4xx_HAL_Driver/Src/stm32l4xx_hal_pwr.o
 .debug_line    0x0000000000007458      0xcbc ./Drivers/STM32L4xx_HAL_Driver/Src/stm32l4xx_hal_pwr_ex.o
 .debug_line    0x0000000000008114      0xf44 ./Drivers/STM32L4xx_HAL_Driver/Src/stm32l4xx_hal_rcc.o
 .debug_line    0x0000000000009058     0x14b9 ./Drivers/STM32L4xx_HAL_Driver/Src/stm32l4xx_hal_rcc_ex.o
 .debug_line    0x000000000000a511     0x3c8a ./Drivers/STM32L4xx_HAL_Driver/Src/stm32l4xx_hal_tim.o
 .debug_line    0x000000000000e19b     0x1bcf ./Drivers/STM32L4xx_HAL_Driver/Src/stm32l4xx_hal_tim_ex.o
 .debug_line    0x000000000000fd6a     0x1d91 ./Drivers/STM32L4xx_HAL_Driver/Src/stm32l4xx_hal_uart.o
 .debug_line    0x0000000000011afb      0xaed ./Drivers/STM32L4xx_HAL_Driver/Src/stm32l4xx_hal_uart_ex.o
 .debug_line    0x00000000000125e8      0xa37 ./Drivers/STM32L4xx_HAL_Driver/Src/stm32l4xx_ll_gpio.o
 .debug_line    0x000000000001301f     0x193e ./Drivers/STM32L4xx_HAL_Driver/Src/stm32l4xx_ll_rcc.o
 .debug_line    0x000000000001495d      0x980 ./Drivers/STM32L4xx_HAL_Driver/Src/stm32l4xx_ll_usart.o
 .debug_line    0x00000000000152dd     0x11e2 ./Middlewares/Third_Party/FreeRTOS/Source/CMSIS_RTOS/cmsis_os.o
 .debug_line    0x00000000000164bf      0x729 ./Middlewares/Third_Party/FreeRTOS/Source/list.o
 .debug_line    0x0000000000016be8     0x14aa ./Middlewares/Third_Party/FreeRTOS/Source/queue.o
 .debug_line    0x0000000000018092     0x1939 ./Middlewares/Third_Party/FreeRTOS/Source/tasks.o
 .debug_line    0x00000000000199cb      0x7c7 ./Middlewares/Third_Party/FreeRTOS/Source/portable/GCC/ARM_CM4F/port.o
 .debug_line    0x000000000001a192      0x953 ./Middlewares/Third_Party/FreeRTOS/Source/portable/MemMang/heap_4.o

.debug_str      0x0000000000000000   0x108380
 .debug_str     0x0000000000000000    0xf9132 ./Core/Src/freertos.o
                                      0xfa167 (size before relaxing)
 .debug_str     0x00000000000f9132     0x698a ./Core/Src/main.o
                                     0x100db5 (size before relaxing)
 .debug_str     0x00000000000ffabc       0x56 ./Core/Src/stm32l4xx_hal_msp.o
                                      0xf6fa0 (size before relaxing)
 .debug_str     0x00000000000ffb12       0xaa ./Core/Src/stm32l4xx_hal_timebase_tim.o
                                      0xec14b (size before relaxing)
 .debug_str     0x00000000000ffbbc       0xe8 ./Core/Src/stm32l4xx_it.o
                                      0xf6a2e (size before relaxing)
 .debug_str     0x00000000000ffca4       0x64 ./Core/Src/system_stm32l4xx.o
                                      0xeb72e (size before relaxing)
 .debug_str     0x00000000000ffd08       0x36 ./Core/Startup/startup_stm32l476rgtx.o
                                         0x62 (size before relaxing)
 .debug_str     0x00000000000ffd3e      0x575 ./Drivers/STM32L4xx_HAL_Driver/Src/stm32l4xx_hal.o
                                      0xec22d (size before relaxing)
 .debug_str     0x00000000001002b3      0x2f7 ./Drivers/STM32L4xx_HAL_Driver/Src/stm32l4xx_hal_cortex.o
                                      0xebf9d (size before relaxing)
 .debug_str     0x00000000001005aa      0x24d ./Drivers/STM32L4xx_HAL_Driver/Src/stm32l4xx_hal_dma.o
                                      0xeb9a1 (size before relaxing)
 .debug_str     0x00000000001007f7      0x236 ./Drivers/STM32L4xx_HAL_Driver/Src/stm32l4xx_hal_gpio.o
                                      0xeb9c8 (size before relaxing)
 .debug_str     0x0000000000100a2d      0x2f1 ./Drivers/STM32L4xx_HAL_Driver/Src/stm32l4xx_hal_pwr.o
                                      0xeba60 (size before relaxing)
 .debug_str     0x0000000000100d1e      0x43e ./Drivers/STM32L4xx_HAL_Driver/Src/stm32l4xx_hal_pwr_ex.o
                                      0xebc64 (size before relaxing)
 .debug_str     0x000000000010115c      0x3ab ./Drivers/STM32L4xx_HAL_Driver/Src/stm32l4xx_hal_rcc.o
                                      0xebd0b (size before relaxing)
 .debug_str     0x0000000000101507      0x39c ./Drivers/STM32L4xx_HAL_Driver/Src/stm32l4xx_hal_rcc_ex.o