core_cm4.h:1667:26:__NVIC_GetPriorityGrouping	4	static
core_cm4.h:1679:22:__NVIC_EnableIRQ	16	static,ignoring_inline_asm
core_cm4.h:1809:22:__NVIC_SetPriority	16	static
core_cm4.h:1856:26:NVIC_EncodePriority	40	static
stm32l4xx_ll_usart.h:675:22:LL_USART_Enable	16	static
stm32l4xx_ll_usart.h:2787:22:LL_USART_ConfigAsyncMode	16	static
stm32l4xx_ll_usart.h:3118:26:LL_USART_IsActiveFlag_RXNE	16	static
stm32l4xx_ll_usart.h:3159:26:LL_USART_IsActiveFlag_TXE	16	static
stm32l4xx_ll_usart.h:3645:22:LL_USART_EnableIT_RXNE	16	static
stm32l4xx_ll_usart.h:3686:22:LL_USART_EnableIT_TXE	16	static
stm32l4xx_ll_usart.h:3940:22:LL_USART_DisableIT_TXE	16	static
stm32l4xx_ll_usart.h:4521:25:LL_USART_ReceiveData8	16	static
stm32l4xx_ll_usart.h:4544:22:LL_USART_TransmitData8	16	static
stm32l4xx_ll_bus.h:565:22:LL_AHB2_GRP1_EnableClock	24	static
stm32l4xx_ll_bus.h:1089:22:LL_APB1_GRP1_EnableClock	24	static
stm32l4xx_ll_dma.h:656:22:LL_DMA_SetDataTransferDirection	32	static
stm32l4xx_ll_dma.h:707:22:LL_DMA_SetMode	32	static
stm32l4xx_ll_dma.h:754:22:LL_DMA_SetPeriphIncMode	32	static
stm32l4xx_ll_dma.h:801:22:LL_DMA_SetMemoryIncMode	32	static
stm32l4xx_ll_dma.h:849:22:LL_DMA_SetPeriphSize	32	static
stm32l4xx_ll_dma.h:898:22:LL_DMA_SetMemorySize	32	static
stm32l4xx_ll_dma.h:948:22:LL_DMA_SetChannelPriorityLevel	32	static
stm32l4xx_ll_dma.h:1513:22:LL_DMA_SetPeriphRequest	40	static,ignoring_inline_asm
main.c:100:6:sendchar	16	static
main.c:111:6:sendString	16	static
main.c:118:10:read_voltage	16	static
main.c:129:6:semEnergia	8	static
main.c:134:6:comEnergia	8	static
main.c:139:6:ledOff	8	static
main.c:143:6:ledOn	8	static
main.c:147:6:geradorOn	8	static
main.c:161:6:geradorOff	8	static
main.c:167:6:readchar	24	static
main.c:176:6:voltage_scanner	56	static
main.c:198:6:cli	24	static
main.c:228:6:USART_2_IRQHandler	24	static,ignoring_inline_asm
main.c:264:6:USART_1_IRQHandler	24	static,ignoring_inline_asm
main.c:306:5:main	56	static
main.c:400:6:SystemClock_Config	96	static
main.c:451:13:MX_ADC1_Init	48	static
main.c:515:13:MX_TIM2_Init	48	static
main.c:564:13:MX_TIM3_Init	40	static
main.c:609:13:MX_USART1_UART_Init	8	static
main.c:644:13:MX_USART2_UART_Init	200	static
main.c:734:13:MX_DMA_Init	16	static
main.c:752:13:MX_GPIO_Init	40	static
main.c:791:6:StartDefaultTask	16	static
main.c:813:6:HAL_TIM_PeriodElapsedCallback	16	static
main.c:832:6:Error_Handler	4	static,ignoring_inline_asm
